Archive member included because of file (symbol)

/home/dragon/CodeSourcery/Sourcery_CodeBench_Lite_for_ARM_EABI/bin/../lib/gcc/arm-none-eabi/4.7.3/../../../../arm-none-eabi/lib/thumb2/libc.a(lib_a-impure.o)
                              ./src/main.o (_impure_ptr)
/home/dragon/CodeSourcery/Sourcery_CodeBench_Lite_for_ARM_EABI/bin/../lib/gcc/arm-none-eabi/4.7.3/../../../../arm-none-eabi/lib/thumb2/libc.a(lib_a-init.o)
                              ./STM32F10x_StdPeriph_Lib_V3.5.0/Libraries/CMSIS/CM3/DeviceSupport/ST/STM32F10x/startup/TrueSTUDIO/startup_stm32f10x_md.o (__libc_init_array)
/home/dragon/CodeSourcery/Sourcery_CodeBench_Lite_for_ARM_EABI/bin/../lib/gcc/arm-none-eabi/4.7.3/../../../../arm-none-eabi/lib/thumb2/libc.a(lib_a-printf.o)
                              ./src/main.o (printf)
/home/dragon/CodeSourcery/Sourcery_CodeBench_Lite_for_ARM_EABI/bin/../lib/gcc/arm-none-eabi/4.7.3/../../../../arm-none-eabi/lib/thumb2/libc.a(lib_a-reent.o)
                              ./STM32F10x_StdPeriph_Lib_V3.5.0/newlibSerialNeedToUse.o (errno)
/home/dragon/CodeSourcery/Sourcery_CodeBench_Lite_for_ARM_EABI/bin/../lib/gcc/arm-none-eabi/4.7.3/../../../../arm-none-eabi/lib/thumb2/libc.a(lib_a-setvbuf.o)
                              ./src/main.o (setvbuf)
/home/dragon/CodeSourcery/Sourcery_CodeBench_Lite_for_ARM_EABI/bin/../lib/gcc/arm-none-eabi/4.7.3/../../../../arm-none-eabi/lib/thumb2/libc.a(lib_a-vfprintf.o)
                              /home/dragon/CodeSourcery/Sourcery_CodeBench_Lite_for_ARM_EABI/bin/../lib/gcc/arm-none-eabi/4.7.3/../../../../arm-none-eabi/lib/thumb2/libc.a(lib_a-printf.o) (_vfprintf_r)
/home/dragon/CodeSourcery/Sourcery_CodeBench_Lite_for_ARM_EABI/bin/../lib/gcc/arm-none-eabi/4.7.3/../../../../arm-none-eabi/lib/thumb2/libc.a(lib_a-wsetup.o)
                              /home/dragon/CodeSourcery/Sourcery_CodeBench_Lite_for_ARM_EABI/bin/../lib/gcc/arm-none-eabi/4.7.3/../../../../arm-none-eabi/lib/thumb2/libc.a(lib_a-vfprintf.o) (__swsetup_r)
/home/dragon/CodeSourcery/Sourcery_CodeBench_Lite_for_ARM_EABI/bin/../lib/gcc/arm-none-eabi/4.7.3/../../../../arm-none-eabi/lib/thumb2/libc.a(lib_a-dtoa.o)
                              /home/dragon/CodeSourcery/Sourcery_CodeBench_Lite_for_ARM_EABI/bin/../lib/gcc/arm-none-eabi/4.7.3/../../../../arm-none-eabi/lib/thumb2/libc.a(lib_a-vfprintf.o) (_dtoa_r)
/home/dragon/CodeSourcery/Sourcery_CodeBench_Lite_for_ARM_EABI/bin/../lib/gcc/arm-none-eabi/4.7.3/../../../../arm-none-eabi/lib/thumb2/libc.a(lib_a-fflush.o)
                              /home/dragon/CodeSourcery/Sourcery_CodeBench_Lite_for_ARM_EABI/bin/../lib/gcc/arm-none-eabi/4.7.3/../../../../arm-none-eabi/lib/thumb2/libc.a(lib_a-setvbuf.o) (_fflush_r)
/home/dragon/CodeSourcery/Sourcery_CodeBench_Lite_for_ARM_EABI/bin/../lib/gcc/arm-none-eabi/4.7.3/../../../../arm-none-eabi/lib/thumb2/libc.a(lib_a-findfp.o)
                              /home/dragon/CodeSourcery/Sourcery_CodeBench_Lite_for_ARM_EABI/bin/../lib/gcc/arm-none-eabi/4.7.3/../../../../arm-none-eabi/lib/thumb2/libc.a(lib_a-setvbuf.o) (_cleanup_r)
/home/dragon/CodeSourcery/Sourcery_CodeBench_Lite_for_ARM_EABI/bin/../lib/gcc/arm-none-eabi/4.7.3/../../../../arm-none-eabi/lib/thumb2/libc.a(lib_a-freer.o)
                              /home/dragon/CodeSourcery/Sourcery_CodeBench_Lite_for_ARM_EABI/bin/../lib/gcc/arm-none-eabi/4.7.3/../../../../arm-none-eabi/lib/thumb2/libc.a(lib_a-reent.o) (_free_r)
/home/dragon/CodeSourcery/Sourcery_CodeBench_Lite_for_ARM_EABI/bin/../lib/gcc/arm-none-eabi/4.7.3/../../../../arm-none-eabi/lib/thumb2/libc.a(lib_a-fwalk.o)
                              /home/dragon/CodeSourcery/Sourcery_CodeBench_Lite_for_ARM_EABI/bin/../lib/gcc/arm-none-eabi/4.7.3/../../../../arm-none-eabi/lib/thumb2/libc.a(lib_a-findfp.o) (_fwalk)
/home/dragon/CodeSourcery/Sourcery_CodeBench_Lite_for_ARM_EABI/bin/../lib/gcc/arm-none-eabi/4.7.3/../../../../arm-none-eabi/lib/thumb2/libc.a(lib_a-locale.o)
                              /home/dragon/CodeSourcery/Sourcery_CodeBench_Lite_for_ARM_EABI/bin/../lib/gcc/arm-none-eabi/4.7.3/../../../../arm-none-eabi/lib/thumb2/libc.a(lib_a-vfprintf.o) (_localeconv_r)
/home/dragon/CodeSourcery/Sourcery_CodeBench_Lite_for_ARM_EABI/bin/../lib/gcc/arm-none-eabi/4.7.3/../../../../arm-none-eabi/lib/thumb2/libc.a(lib_a-makebuf.o)
                              /home/dragon/CodeSourcery/Sourcery_CodeBench_Lite_for_ARM_EABI/bin/../lib/gcc/arm-none-eabi/4.7.3/../../../../arm-none-eabi/lib/thumb2/libc.a(lib_a-wsetup.o) (__smakebuf_r)
/home/dragon/CodeSourcery/Sourcery_CodeBench_Lite_for_ARM_EABI/bin/../lib/gcc/arm-none-eabi/4.7.3/../../../../arm-none-eabi/lib/thumb2/libc.a(lib_a-malloc.o)
                              /home/dragon/CodeSourcery/Sourcery_CodeBench_Lite_for_ARM_EABI/bin/../lib/gcc/arm-none-eabi/4.7.3/../../../../arm-none-eabi/lib/thumb2/libc.a(lib_a-setvbuf.o) (malloc)
[...]
Memory Configuration

Name             Origin             Length             Attributes
FLASH            0x08000000         0x00010000         xr
RAM              0x20000000         0x00005000         xrw
MEMORY_B1        0x60000000         0x00000000         xr
*default*        0x00000000         0xffffffff

Linker script and memory map

LOAD /home/dragon/CodeSourcery/Sourcery_CodeBench_Lite_for_ARM_EABI/bin/../lib/gcc/arm-none-eabi/4.7.3/thumb2/crti.o
LOAD /home/dragon/CodeSourcery/Sourcery_CodeBench_Lite_for_ARM_EABI/bin/../lib/gcc/arm-none-eabi/4.7.3/thumb2/crtbegin.o
LOAD ./src/main.o
LOAD ./src/stm32f10x_it.o
LOAD ./src/system_stm32f10x.o
LOAD ./STM32F10x_StdPeriph_Lib_V3.5.0/Libraries/STM32F10x_StdPeriph_Driver/src/misc.o
LOAD ./STM32F10x_StdPeriph_Lib_V3.5.0/Libraries/STM32F10x_StdPeriph_Driver/src/stm32f10x_adc.o
LOAD ./STM32F10x_StdPeriph_Lib_V3.5.0/Libraries/STM32F10x_StdPeriph_Driver/src/stm32f10x_bkp.o
LOAD ./STM32F10x_StdPeriph_Lib_V3.5.0/Libraries/STM32F10x_StdPeriph_Driver/src/stm32f10x_can.o
LOAD ./STM32F10x_StdPeriph_Lib_V3.5.0/Libraries/STM32F10x_StdPeriph_Driver/src/stm32f10x_cec.o
LOAD ./STM32F10x_StdPeriph_Lib_V3.5.0/Libraries/STM32F10x_StdPeriph_Driver/src/stm32f10x_crc.o
LOAD ./STM32F10x_StdPeriph_Lib_V3.5.0/Libraries/STM32F10x_StdPeriph_Driver/src/stm32f10x_dac.o
LOAD ./STM32F10x_StdPeriph_Lib_V3.5.0/Libraries/STM32F10x_StdPeriph_Driver/src/stm32f10x_dbgmcu.o
LOAD ./STM32F10x_StdPeriph_Lib_V3.5.0/Libraries/STM32F10x_StdPeriph_Driver/src/stm32f10x_dma.o
LOAD ./STM32F10x_StdPeriph_Lib_V3.5.0/Libraries/STM32F10x_StdPeriph_Driver/src/stm32f10x_exti.o
LOAD ./STM32F10x_StdPeriph_Lib_V3.5.0/Libraries/STM32F10x_StdPeriph_Driver/src/stm32f10x_flash.o
LOAD ./STM32F10x_StdPeriph_Lib_V3.5.0/Libraries/STM32F10x_StdPeriph_Driver/src/stm32f10x_fsmc.o
LOAD ./STM32F10x_StdPeriph_Lib_V3.5.0/Libraries/STM32F10x_StdPeriph_Driver/src/stm32f10x_gpio.o
LOAD ./STM32F10x_StdPeriph_Lib_V3.5.0/Libraries/STM32F10x_StdPeriph_Driver/src/stm32f10x_i2c.o
LOAD ./STM32F10x_StdPeriph_Lib_V3.5.0/Libraries/STM32F10x_StdPeriph_Driver/src/stm32f10x_iwdg.o
LOAD ./STM32F10x_StdPeriph_Lib_V3.5.0/Libraries/STM32F10x_StdPeriph_Driver/src/stm32f10x_pwr.o
LOAD ./STM32F10x_StdPeriph_Lib_V3.5.0/Libraries/STM32F10x_StdPeriph_Driver/src/stm32f10x_rcc.o
LOAD ./STM32F10x_StdPeriph_Lib_V3.5.0/Libraries/STM32F10x_StdPeriph_Driver/src/stm32f10x_rtc.o
LOAD ./STM32F10x_StdPeriph_Lib_V3.5.0/Libraries/STM32F10x_StdPeriph_Driver/src/stm32f10x_sdio.o
LOAD ./STM32F10x_StdPeriph_Lib_V3.5.0/Libraries/STM32F10x_StdPeriph_Driver/src/stm32f10x_spi.o
LOAD ./STM32F10x_StdPeriph_Lib_V3.5.0/Libraries/STM32F10x_StdPeriph_Driver/src/stm32f10x_tim.o
LOAD ./STM32F10x_StdPeriph_Lib_V3.5.0/Libraries/STM32F10x_StdPeriph_Driver/src/stm32f10x_usart.o
LOAD ./STM32F10x_StdPeriph_Lib_V3.5.0/Libraries/STM32F10x_StdPeriph_Driver/src/stm32f10x_wwdg.o
LOAD ./STM32F10x_StdPeriph_Lib_V3.5.0/Libraries/CMSIS/CM3/DeviceSupport/ST/STM32F10x/startup/TrueSTUDIO/startup_stm32f10x_md.o
LOAD ./STM32F10x_StdPeriph_Lib_V3.5.0/Libraries/CMSIS/CM3/CoreSupport/core_cm3.o
LOAD ./STM32F10x_StdPeriph_Lib_V3.5.0/newlibSerialNeedToUse.o
START GROUP
LOAD /home/dragon/CodeSourcery/Sourcery_CodeBench_Lite_for_ARM_EABI/bin/../lib/gcc/arm-none-eabi/4.7.3/thumb2/libgcc.a
LOAD /home/dragon/CodeSourcery/Sourcery_CodeBench_Lite_for_ARM_EABI/bin/../lib/gcc/arm-none-eabi/4.7.3/../../../../arm-none-eabi/lib/thumb2/libc.a
END GROUP
LOAD /home/dragon/CodeSourcery/Sourcery_CodeBench_Lite_for_ARM_EABI/bin/../lib/gcc/arm-none-eabi/4.7.3/thumb2/crtend.o
LOAD /home/dragon/CodeSourcery/Sourcery_CodeBench_Lite_for_ARM_EABI/bin/../lib/gcc/arm-none-eabi/4.7.3/thumb2/crtn.o
                0x20005000                _estack = 0x20005000
                0x00000000                _Min_Heap_Size = 0x0
                0x00000100                _Min_Stack_Size = 0x100

.isr_vector     0x08000000      0x10c
                0x08000000                . = ALIGN (0x4)
 *(.isr_vector)
 .isr_vector    0x08000000      0x10c ./STM32F10x_StdPeriph_Lib_V3.5.0/Libraries/CMSIS/CM3/DeviceSupport/ST/STM32F10x/startup/TrueSTUDIO/startup_stm32f10x_md.o
                0x08000000                g_pfnVectors
                0x0800010c                . = ALIGN (0x4)

.text           0x08000110     0x844c
                0x08000110                . = ALIGN (0x4)
 *(.text)
 .text          0x08000110       0xc8 /home/dragon/CodeSourcery/Sourcery_CodeBench_Lite_for_ARM_EABI/bin/../lib/gcc/arm-none-eabi/4.7.3/thumb2/crtbegin.o
 .text          0x080001d8       0x58 /home/dragon/CodeSourcery/Sourcery_CodeBench_Lite_for_ARM_EABI/bin/../lib/gcc/arm-none-eabi/4.7.3/../../../../arm-none-eabi/lib/thumb2/libc.a(lib_a-init.o)
                0x080001d8                __libc_init_array
 .text          0x08000230       0x64 /home/dragon/CodeSourcery/Sourcery_CodeBench_Lite_for_ARM_EABI/bin/../lib/gcc/arm-none-eabi/4.7.3/../../../../arm-none-eabi/lib/thumb2/libc.a(lib_a-printf.o)
                0x08000230                _printf_r
                0x0800025c                printf
 .text          0x08000294      0x150 /home/dragon/CodeSourcery/Sourcery_CodeBench_Lite_for_ARM_EABI/bin/../lib/gcc/arm-none-eabi/4.7.3/../../../../arm-none-eabi/lib/thumb2/libc.a(lib_a-setvbuf.o)
                0x08000294                setvbuf
 .text          0x080003e4     0x1734 /home/dragon/CodeSourcery/Sourcery_CodeBench_Lite_for_ARM_EABI/bin/../lib/gcc/arm-none-eabi/4.7.3/../../../../arm-none-eabi/lib/thumb2/libc.a(lib_a-vfprintf.o)
                0x080003e4                _vfprintf_r
                0x08001afc                vfprintf
 .text          0x08001b18      0x104 /home/dragon/CodeSourcery/Sourcery_CodeBench_Lite_for_ARM_EABI/bin/../lib/gcc/arm-none-eabi/4.7.3/../../../../arm-none-eabi/lib/thumb2/libc.a(lib_a-wsetup.o)
                0x08001b18                __swsetup_r
 *fill*         0x08001c1c        0x4 
 .text          0x08001c20     0x1068 /home/dragon/CodeSourcery/Sourcery_CodeBench_Lite_for_ARM_EABI/bin/../lib/gcc/arm-none-eabi/4.7.3/../../../../arm-none-eabi/lib/thumb2/libc.a(lib_a-dtoa.o)
                0x08001d58                _dtoa_r
 .text          0x08002c88      0x1c0 /home/dragon/CodeSourcery/Sourcery_CodeBench_Lite_for_ARM_EABI/bin/../lib/gcc/arm-none-eabi/4.7.3/../../../../arm-none-eabi/lib/thumb2/libc.a(lib_a-fflush.o)
                0x08002c88                _fflush_r
                0x08002e20                fflush
 .text          0x08002e48      0x1c8 /home/dragon/CodeSourcery/Sourcery_CodeBench_Lite_for_ARM_EABI/bin/../lib/gcc/arm-none-eabi/4.7.3/../../../../arm-none-eabi/lib/thumb2/libc.a(lib_a-findfp.o)
                0x08002e50                _cleanup_r
                0x08002eac                __sfmoreglue
                0x08002edc                _cleanup
                0x08002eec                __sinit
                0x08002f48                __sfp
                0x08002fd0                __sfp_lock_acquire
                0x08002fd4                __sfp_lock_release
                0x08002fd8                __sinit_lock_acquire
                0x08002fdc                __sinit_lock_release
                0x08002fe0                __fp_lock_all
                0x08002ff8                __fp_unlock_all
 .text          0x08003010      0x238 /home/dragon/CodeSourcery/Sourcery_CodeBench_Lite_for_ARM_EABI/bin/../lib/gcc/arm-none-eabi/4.7.3/../../../../arm-none-eabi/lib/thumb2/libc.a(lib_a-freer.o)
                0x08003010                _malloc_trim_r
                0x080030b4                _free_r
 .text          0x08003248       0xa0 /home/dragon/CodeSourcery/Sourcery_CodeBench_Lite_for_ARM_EABI/bin/../lib/gcc/arm-none-eabi/4.7.3/../../../../arm-none-eabi/lib/thumb2/libc.a(lib_a-fwalk.o)
                0x08003248                _fwalk
                0x08003294                _fwalk_reent
 .text          0x080032e8       0x9c /home/dragon/CodeSourcery/Sourcery_CodeBench_Lite_for_ARM_EABI/bin/../lib/gcc/arm-none-eabi/4.7.3/../../../../arm-none-eabi/lib/thumb2/libc.a(lib_a-locale.o)
                0x080032e8                _setlocale_r
                0x0800333c                __locale_charset
                0x08003348                __locale_mb_cur_max
                0x08003354                __locale_msgcharset
                0x0800335c                __locale_cjk_lang
                0x08003360                _localeconv_r
                0x08003368                setlocale
                0x0800337c                localeconv
 .text          0x08003384       0xf0 /home/dragon/CodeSourcery/Sourcery_CodeBench_Lite_for_ARM_EABI/bin/../lib/gcc/arm-none-eabi/4.7.3/../../../../arm-none-eabi/lib/thumb2/libc.a(lib_a-makebuf.o)
                0x08003384                __smakebuf_r
 .text          0x08003474       0x20 /home/dragon/CodeSourcery/Sourcery_CodeBench_Lite_for_ARM_EABI/bin/../lib/gcc/arm-none-eabi/4.7.3/../../../../arm-none-eabi/lib/thumb2/libc.a(lib_a-malloc.o)
                0x08003474                malloc
                0x08003484                free
 .text          0x08003494      0x598 /home/dragon/CodeSourcery/Sourcery_CodeBench_Lite_for_ARM_EABI/bin/../lib/gcc/arm-none-eabi/4.7.3/../../../../arm-none-eabi/lib/thumb2/libc.a(lib_a-mallocr.o)
                0x08003494                _malloc_r
 .text          0x08003a2c       0x94 /home/dragon/CodeSourcery/Sourcery_CodeBench_Lite_for_ARM_EABI/bin/../lib/gcc/arm-none-eabi/4.7.3/../../../../arm-none-eabi/lib/thumb2/libc.a(lib_a-memchr.o)
                0x08003a2c                memchr
 .text          0x08003ac0      0x174 /home/dragon/CodeSourcery/Sourcery_CodeBench_Lite_for_ARM_EABI/bin/../lib/gcc/arm-none-eabi/4.7.3/../../../../arm-none-eabi/lib/thumb2/libc.a(lib_a-memcpy.o)
                0x08003ac0                memcpy
 .text          0x08003c34       0xcc /home/dragon/CodeSourcery/Sourcery_CodeBench_Lite_for_ARM_EABI/bin/../lib/gcc/arm-none-eabi/4.7.3/../../../../arm-none-eabi/lib/thumb2/libc.a(lib_a-memset.o)
                0x08003c34                memset
 .text          0x08003d00        0x8 /home/dragon/CodeSourcery/Sourcery_CodeBench_Lite_for_ARM_EABI/bin/../lib/gcc/arm-none-eabi/4.7.3/../../../../arm-none-eabi/lib/thumb2/libc.a(lib_a-mlock.o)
                0x08003d00                __malloc_lock
                0x08003d04                __malloc_unlock
 .text          0x08003d08      0x910 /home/dragon/CodeSourcery/Sourcery_CodeBench_Lite_for_ARM_EABI/bin/../lib/gcc/arm-none-eabi/4.7.3/../../../../arm-none-eabi/lib/thumb2/libc.a(lib_a-mprec.o)
                0x08003d08                _Balloc
                0x08003d74                _Bfree
                0x08003dac                __multadd
                0x08003e34                __s2b
                0x08003ecc                __hi0bits
                0x08003f08                __lo0bits
                0x08003f64                __i2b
                0x08003f78                __multiply
                0x080040b4                __pow5mult
                0x08004158                __lshift
                0x0800420c                __mcmp
                0x08004248                __mdiff
                0x08004334                __ulp
                0x08004378                __b2d
                0x08004428                __d2b
                0x080044e4                __ratio
                0x08004544                _mprec_log10
                0x08004578                __copybits
                0x080045c0                __any_on
 .text          0x08004618       0x50 /home/dragon/CodeSourcery/Sourcery_CodeBench_Lite_for_ARM_EABI/bin/../lib/gcc/arm-none-eabi/4.7.3/../../../../arm-none-eabi/lib/thumb2/libc.a(lib_a-s_fpclassify.o)
                0x08004618                __fpclassifyd
 .text          0x08004668       0x28 /home/dragon/CodeSourcery/Sourcery_CodeBench_Lite_for_ARM_EABI/bin/../lib/gcc/arm-none-eabi/4.7.3/../../../../arm-none-eabi/lib/thumb2/libc.a(lib_a-sbrkr.o)
                0x08004668                _sbrk_r
 .text          0x08004690       0x8c /home/dragon/CodeSourcery/Sourcery_CodeBench_Lite_for_ARM_EABI/bin/../lib/gcc/arm-none-eabi/4.7.3/../../../../arm-none-eabi/lib/thumb2/libc.a(lib_a-stdio.o)
                0x08004690                __sread
                0x080046b4                __seofread
                0x080046b8                __swrite
                0x080046f4                __sseek
                0x08004714                __sclose
 .text          0x0800471c      0x1dc /home/dragon/CodeSourcery/Sourcery_CodeBench_Lite_for_ARM_EABI/bin/../lib/gcc/arm-none-eabi/4.7.3/../../../../arm-none-eabi/lib/thumb2/libc.a(lib_a-strcmp.o)
                0x0800471c                strcmp
 .text          0x080048f8       0x60 /home/dragon/CodeSourcery/Sourcery_CodeBench_Lite_for_ARM_EABI/bin/../lib/gcc/arm-none-eabi/4.7.3/../../../../arm-none-eabi/lib/thumb2/libc.a(lib_a-strlen.o)
                0x080048f8                strlen
 .text          0x08004958      0xd10 /home/dragon/CodeSourcery/Sourcery_CodeBench_Lite_for_ARM_EABI/bin/../lib/gcc/arm-none-eabi/4.7.3/../../../../arm-none-eabi/lib/thumb2/libc.a(lib_a-vfiprintf.o)
                0x08004958                __sprint_r
                0x080049d4                _vfiprintf_r
                0x0800564c                vfiprintf
 .text          0x08005668       0x2c /home/dragon/CodeSourcery/Sourcery_CodeBench_Lite_for_ARM_EABI/bin/../lib/gcc/arm-none-eabi/4.7.3/../../../../arm-none-eabi/lib/thumb2/libc.a(lib_a-writer.o)
                0x08005668                _write_r
 .text          0x08005694       0x60 /home/dragon/CodeSourcery/Sourcery_CodeBench_Lite_for_ARM_EABI/bin/../lib/gcc/arm-none-eabi/4.7.3/../../../../arm-none-eabi/lib/thumb2/libc.a(lib_a-callocr.o)
                0x08005694                _calloc_r
 .text          0x080056f4       0x28 /home/dragon/CodeSourcery/Sourcery_CodeBench_Lite_for_ARM_EABI/bin/../lib/gcc/arm-none-eabi/4.7.3/../../../../arm-none-eabi/lib/thumb2/libc.a(lib_a-closer.o)
                0x080056f4                _close_r
 .text          0x0800571c       0xc8 /home/dragon/CodeSourcery/Sourcery_CodeBench_Lite_for_ARM_EABI/bin/../lib/gcc/arm-none-eabi/4.7.3/../../../../arm-none-eabi/lib/thumb2/libc.a(lib_a-fclose.o)
                0x0800571c                _fclose_r
                0x080057d4                fclose
 .text          0x080057e4      0x12c /home/dragon/CodeSourcery/Sourcery_CodeBench_Lite_for_ARM_EABI/bin/../lib/gcc/arm-none-eabi/4.7.3/../../../../arm-none-eabi/lib/thumb2/libc.a(lib_a-fputwc.o)
                0x080057e4                _fputwc_r
                0x080058b8                fputwc
 .text          0x08005910       0x28 /home/dragon/CodeSourcery/Sourcery_CodeBench_Lite_for_ARM_EABI/bin/../lib/gcc/arm-none-eabi/4.7.3/../../../../arm-none-eabi/lib/thumb2/libc.a(lib_a-fstatr.o)
                0x08005910                _fstat_r
 .text          0x08005938      0x31c /home/dragon/CodeSourcery/Sourcery_CodeBench_Lite_for_ARM_EABI/bin/../lib/gcc/arm-none-eabi/4.7.3/../../../../arm-none-eabi/lib/thumb2/libc.a(lib_a-fvwrite.o)
                0x08005938                __sfvwrite_r
 .text          0x08005c54       0x28 /home/dragon/CodeSourcery/Sourcery_CodeBench_Lite_for_ARM_EABI/bin/../lib/gcc/arm-none-eabi/4.7.3/../../../../arm-none-eabi/lib/thumb2/libc.a(lib_a-isattyr.o)
                0x08005c54                _isatty_r
 .text          0x08005c7c       0x2c /home/dragon/CodeSourcery/Sourcery_CodeBench_Lite_for_ARM_EABI/bin/../lib/gcc/arm-none-eabi/4.7.3/../../../../arm-none-eabi/lib/thumb2/libc.a(lib_a-lseekr.o)
                0x08005c7c                _lseek_r
 .text          0x08005ca8       0xcc /home/dragon/CodeSourcery/Sourcery_CodeBench_Lite_for_ARM_EABI/bin/../lib/gcc/arm-none-eabi/4.7.3/../../../../arm-none-eabi/lib/thumb2/libc.a(lib_a-memmove.o)
                0x08005ca8                memmove
 .text          0x08005d74       0x2c /home/dragon/CodeSourcery/Sourcery_CodeBench_Lite_for_ARM_EABI/bin/../lib/gcc/arm-none-eabi/4.7.3/../../../../arm-none-eabi/lib/thumb2/libc.a(lib_a-readr.o)
                0x08005d74                _read_r
 .text          0x08005da0      0x3cc /home/dragon/CodeSourcery/Sourcery_CodeBench_Lite_for_ARM_EABI/bin/../lib/gcc/arm-none-eabi/4.7.3/../../../../arm-none-eabi/lib/thumb2/libc.a(lib_a-reallocr.o)
                0x08005da0                _realloc_r
 .text          0x0800616c      0x100 /home/dragon/CodeSourcery/Sourcery_CodeBench_Lite_for_ARM_EABI/bin/../lib/gcc/arm-none-eabi/4.7.3/../../../../arm-none-eabi/lib/thumb2/libc.a(lib_a-wbuf.o)
                0x0800616c                __swbuf_r
                0x08006258                __swbuf
 .text          0x0800626c       0xbc /home/dragon/CodeSourcery/Sourcery_CodeBench_Lite_for_ARM_EABI/bin/../lib/gcc/arm-none-eabi/4.7.3/../../../../arm-none-eabi/lib/thumb2/libc.a(lib_a-wcrtomb.o)
                0x0800626c                _wcrtomb_r
                0x080062c4                wcrtomb
 .text          0x08006328       0x48 /home/dragon/CodeSourcery/Sourcery_CodeBench_Lite_for_ARM_EABI/bin/../lib/gcc/arm-none-eabi/4.7.3/../../../../arm-none-eabi/lib/thumb2/libc.a(lib_a-wctomb_r.o)
                0x08006328                __ascii_wctomb
                0x08006340                _wctomb_r
 .text          0x08006370      0x278 /home/dragon/CodeSourcery/Sourcery_CodeBench_Lite_for_ARM_EABI/bin/../lib/gcc/arm-none-eabi/4.7.3/thumb2/libgcc.a(_udivsi3.o)
                0x08006370                __udivsi3
                0x08006370                __aeabi_uidiv
                0x080065cc                __aeabi_uidivmod
 .text          0x080065e8        0x4 /home/dragon/CodeSourcery/Sourcery_CodeBench_Lite_for_ARM_EABI/bin/../lib/gcc/arm-none-eabi/4.7.3/thumb2/libgcc.a(_dvmd_tls.o)
                0x080065e8                __aeabi_ldiv0
                0x080065e8                __aeabi_idiv0
 .text          0x080065ec      0x370 /home/dragon/CodeSourcery/Sourcery_CodeBench_Lite_for_ARM_EABI/bin/../lib/gcc/arm-none-eabi/4.7.3/thumb2/libgcc.a(_arm_addsubdf3.o)
                0x080065ec                __aeabi_drsub
                0x080065f4                __aeabi_dsub
                0x080065f4                __subdf3
                0x080065f8                __adddf3
                0x080065f8                __aeabi_dadd
                0x08006870                __aeabi_ui2d
                0x08006870                __floatunsidf
                0x08006890                __floatsidf
                0x08006890                __aeabi_i2d
                0x080068b4                __extendsfdf2
                0x080068b4                __aeabi_f2d
                0x080068f0                __aeabi_ul2d
                0x080068f0                __floatundidf
                0x08006900                __floatdidf
                0x08006900                __aeabi_l2d
 .text          0x0800695c      0x424 /home/dragon/CodeSourcery/Sourcery_CodeBench_Lite_for_ARM_EABI/bin/../lib/gcc/arm-none-eabi/4.7.3/thumb2/libgcc.a(_arm_muldivdf3.o)
                0x0800695c                __aeabi_dmul
                0x0800695c                __muldf3
                0x08006bb0                __aeabi_ddiv
                0x08006bb0                __divdf3
 .text          0x08006d80      0x110 /home/dragon/CodeSourcery/Sourcery_CodeBench_Lite_for_ARM_EABI/bin/../lib/gcc/arm-none-eabi/4.7.3/thumb2/libgcc.a(_arm_cmpdf2.o)
                0x08006d80                __gtdf2
                0x08006d80                __gedf2
                0x08006d88                __ltdf2
                0x08006d88                __ledf2
                0x08006d90                __cmpdf2
                0x08006d90                __eqdf2
                0x08006d90                __nedf2
                0x08006e0c                __aeabi_cdrcmple
                0x08006e1c                __aeabi_cdcmple
                0x08006e1c                __aeabi_cdcmpeq
                0x08006e2c                __aeabi_dcmpeq
                0x08006e40                __aeabi_dcmplt
                0x08006e54                __aeabi_dcmple
                0x08006e68                __aeabi_dcmpge
                0x08006e7c                __aeabi_dcmpgt
 .text          0x08006e90       0x50 /home/dragon/CodeSourcery/Sourcery_CodeBench_Lite_for_ARM_EABI/bin/../lib/gcc/arm-none-eabi/4.7.3/thumb2/libgcc.a(_arm_fixdfsi.o)
                0x08006e90                __fixdfsi
                0x08006e90                __aeabi_d2iz
 .text          0x08006ee0       0x2c /home/dragon/CodeSourcery/Sourcery_CodeBench_Lite_for_ARM_EABI/bin/../lib/gcc/arm-none-eabi/4.7.3/thumb2/libgcc.a(_aeabi_uldivmod.o)
                0x08006ee0                __aeabi_uldivmod
 .text          0x08006f0c       0x60 /home/dragon/CodeSourcery/Sourcery_CodeBench_Lite_for_ARM_EABI/bin/../lib/gcc/arm-none-eabi/4.7.3/thumb2/libgcc.a(bpabi.o)
                0x08006f0c                __gnu_ldivmod_helper
                0x08006f3c                __gnu_uldivmod_helper
 .text          0x08006f6c      0x36c /home/dragon/CodeSourcery/Sourcery_CodeBench_Lite_for_ARM_EABI/bin/../lib/gcc/arm-none-eabi/4.7.3/thumb2/libgcc.a(_divdi3.o)
                0x08006f6c                __divdi3
 .text          0x080072d8      0x314 /home/dragon/CodeSourcery/Sourcery_CodeBench_Lite_for_ARM_EABI/bin/../lib/gcc/arm-none-eabi/4.7.3/thumb2/libgcc.a(_udivdi3.o)
                0x080072d8                __udivdi3
 *(.text*)
 .text.delay    0x080075ec       0x2c ./src/main.o
                0x080075ec                delay
 .text.packageUsart1
                0x08007618       0x90 ./src/main.o
                0x08007618                packageUsart1
 .text.main     0x080076a8      0x194 ./src/main.o
                0x080076a8                main
 .text.NMI_Handler
                0x0800783c        0xc ./src/stm32f10x_it.o
                0x0800783c                NMI_Handler
 .text.HardFault_Handler
                0x08007848        0x8 ./src/stm32f10x_it.o
                0x08007848                HardFault_Handler
 .text.MemManage_Handler
                0x08007850        0x8 ./src/stm32f10x_it.o
                0x08007850                MemManage_Handler
 .text.BusFault_Handler
                0x08007858        0x8 ./src/stm32f10x_it.o
                0x08007858                BusFault_Handler
 .text.UsageFault_Handler
                0x08007860        0x8 ./src/stm32f10x_it.o
                0x08007860                UsageFault_Handler
 .text.SVC_Handler
                0x08007868        0xc ./src/stm32f10x_it.o
                0x08007868                SVC_Handler
 .text.DebugMon_Handler
                0x08007874        0xc ./src/stm32f10x_it.o
                0x08007874                DebugMon_Handler
 .text.PendSV_Handler
                0x08007880        0xc ./src/stm32f10x_it.o
                0x08007880                PendSV_Handler
 .text.SysTick_Handler
                0x0800788c        0xc ./src/stm32f10x_it.o
                0x0800788c                SysTick_Handler
 .text.SystemInit
                0x08007898       0x68 ./src/system_stm32f10x.o
                0x08007898                SystemInit
 .text.SetSysClock
                0x08007900        0xc ./src/system_stm32f10x.o
 .text.SetSysClockTo72
                0x0800790c      0x108 ./src/system_stm32f10x.o
 .text.GPIO_Init
                0x08007a14      0x1b0 ./STM32F10x_StdPeriph_Lib_V3.5.0/Libraries/STM32F10x_StdPeriph_Driver/src/stm32f10x_gpio.o
                0x08007a14                GPIO_Init
 .text.GPIO_StructInit
                0x08007bc4       0x2c ./STM32F10x_StdPeriph_Lib_V3.5.0/Libraries/STM32F10x_StdPeriph_Driver/src/stm32f10x_gpio.o
                0x08007bc4                GPIO_StructInit
 .text.GPIO_SetBits
                0x08007bf0       0x1c ./STM32F10x_StdPeriph_Lib_V3.5.0/Libraries/STM32F10x_StdPeriph_Driver/src/stm32f10x_gpio.o
                0x08007bf0                GPIO_SetBits
 .text.GPIO_ResetBits
                0x08007c0c       0x1c ./STM32F10x_StdPeriph_Lib_V3.5.0/Libraries/STM32F10x_StdPeriph_Driver/src/stm32f10x_gpio.o
                0x08007c0c                GPIO_ResetBits
 .text.RCC_GetClocksFreq
                0x08007c28      0x17c ./STM32F10x_StdPeriph_Lib_V3.5.0/Libraries/STM32F10x_StdPeriph_Driver/src/stm32f10x_rcc.o
                0x08007c28                RCC_GetClocksFreq
 .text.RCC_APB2PeriphClockCmd
                0x08007da4       0x40 ./STM32F10x_StdPeriph_Lib_V3.5.0/Libraries/STM32F10x_StdPeriph_Driver/src/stm32f10x_rcc.o
                0x08007da4                RCC_APB2PeriphClockCmd
 .text.USART_Init
                0x08007de4      0x19c ./STM32F10x_StdPeriph_Lib_V3.5.0/Libraries/STM32F10x_StdPeriph_Driver/src/stm32f10x_usart.o
                0x08007de4                USART_Init
 .text.USART_StructInit
                0x08007f80       0x44 ./STM32F10x_StdPeriph_Lib_V3.5.0/Libraries/STM32F10x_StdPeriph_Driver/src/stm32f10x_usart.o
                0x08007f80                USART_StructInit
 .text.USART_Cmd
                0x08007fc4       0x40 ./STM32F10x_StdPeriph_Lib_V3.5.0/Libraries/STM32F10x_StdPeriph_Driver/src/stm32f10x_usart.o
                0x08007fc4                USART_Cmd
 .text.USART_GetFlagStatus
                0x08008004       0x40 ./STM32F10x_StdPeriph_Lib_V3.5.0/Libraries/STM32F10x_StdPeriph_Driver/src/stm32f10x_usart.o
                0x08008004                USART_GetFlagStatus
 .text.Reset_Handler
                0x08008044       0x50 ./STM32F10x_StdPeriph_Lib_V3.5.0/Libraries/CMSIS/CM3/DeviceSupport/ST/STM32F10x/startup/TrueSTUDIO/startup_stm32f10x_md.o
                0x08008044                Reset_Handler
 .text.Default_Handler
                0x08008094        0x4 ./STM32F10x_StdPeriph_Lib_V3.5.0/Libraries/CMSIS/CM3/DeviceSupport/ST/STM32F10x/startup/TrueSTUDIO/startup_stm32f10x_md.o
                0x08008094                EXTI2_IRQHandler
                0x08008094                TIM1_CC_IRQHandler
                0x08008094                PVD_IRQHandler
                0x08008094                EXTI3_IRQHandler
                0x08008094                EXTI0_IRQHandler
                0x08008094                I2C2_EV_IRQHandler
                0x08008094                ADC1_2_IRQHandler
                0x08008094                SPI1_IRQHandler
                0x08008094                TAMPER_IRQHandler
                0x08008094                DMA1_Channel4_IRQHandler
                0x08008094                USART3_IRQHandler
                0x08008094                RTC_IRQHandler
                0x08008094                DMA1_Channel7_IRQHandler
                0x08008094                CAN1_RX1_IRQHandler
                0x08008094                TIM4_IRQHandler
                0x08008094                I2C1_EV_IRQHandler
                0x08008094                DMA1_Channel6_IRQHandler
                0x08008094                TIM3_IRQHandler
                0x08008094                RCC_IRQHandler
                0x08008094                TIM1_TRG_COM_IRQHandler
                0x08008094                DMA1_Channel1_IRQHandler
                0x08008094                Default_Handler
                0x08008094                EXTI15_10_IRQHandler
                0x08008094                EXTI9_5_IRQHandler
                0x08008094                SPI2_IRQHandler
                0x08008094                DMA1_Channel5_IRQHandler
                0x08008094                EXTI4_IRQHandler
                0x08008094                USB_LP_CAN1_RX0_IRQHandler
                0x08008094                USB_HP_CAN1_TX_IRQHandler
                0x08008094                DMA1_Channel3_IRQHandler
                0x08008094                TIM1_UP_IRQHandler
                0x08008094                WWDG_IRQHandler
                0x08008094                TIM2_IRQHandler
                0x08008094                TIM1_BRK_IRQHandler
                0x08008094                EXTI1_IRQHandler
                0x08008094                RTCAlarm_IRQHandler
                0x08008094                USART2_IRQHandler
                0x08008094                I2C2_ER_IRQHandler
                0x08008094                DMA1_Channel2_IRQHandler
                0x08008094                CAN1_SCE_IRQHandler
                0x08008094                FLASH_IRQHandler
                0x08008094                USART1_IRQHandler
                0x08008094                I2C1_ER_IRQHandler
                0x08008094                USBWakeUp_IRQHandler
 .text.__get_MSP
                0x08008098       0x10 ./STM32F10x_StdPeriph_Lib_V3.5.0/Libraries/CMSIS/CM3/CoreSupport/core_cm3.o
                0x08008098                __get_MSP
 .text._close   0x080080a8       0x18 ./STM32F10x_StdPeriph_Lib_V3.5.0/newlibSerialNeedToUse.o
                0x080080a8                _close
 .text._fstat   0x080080c0       0x24 ./STM32F10x_StdPeriph_Lib_V3.5.0/newlibSerialNeedToUse.o
                0x080080c0                _fstat
 .text._isatty  0x080080e4       0x34 ./STM32F10x_StdPeriph_Lib_V3.5.0/newlibSerialNeedToUse.o
                0x080080e4                _isatty
 .text._lseek   0x08008118       0x1c ./STM32F10x_StdPeriph_Lib_V3.5.0/newlibSerialNeedToUse.o
                0x08008118                _lseek
 .text._sbrk    0x08008134       0x78 ./STM32F10x_StdPeriph_Lib_V3.5.0/newlibSerialNeedToUse.o
                0x08008134                _sbrk
 .text._read    0x080081ac       0x84 ./STM32F10x_StdPeriph_Lib_V3.5.0/newlibSerialNeedToUse.o
                0x080081ac                _read
 .text._write   0x08008230       0xb4 ./STM32F10x_StdPeriph_Lib_V3.5.0/newlibSerialNeedToUse.o
                0x08008230                _write
 *(.rodata)
 .rodata        0x080082e4        0xc ./src/main.o
 .rodata        0x080082f0       0x24 ./STM32F10x_StdPeriph_Lib_V3.5.0/newlibSerialNeedToUse.o
 .rodata        0x08008314        0x4 /home/dragon/CodeSourcery/Sourcery_CodeBench_Lite_for_ARM_EABI/bin/../lib/gcc/arm-none-eabi/4.7.3/../../../../arm-none-eabi/lib/thumb2/libc.a(lib_a-impure.o)
                0x08008314                _global_impure_ptr
 .rodata        0x08008318       0x20 /home/dragon/CodeSourcery/Sourcery_CodeBench_Lite_for_ARM_EABI/bin/../lib/gcc/arm-none-eabi/4.7.3/../../../../arm-none-eabi/lib/thumb2/libc.a(lib_a-vfprintf.o)
 .rodata        0x08008338       0x60 /home/dragon/CodeSourcery/Sourcery_CodeBench_Lite_for_ARM_EABI/bin/../lib/gcc/arm-none-eabi/4.7.3/../../../../arm-none-eabi/lib/thumb2/libc.a(lib_a-findfp.o)
                0x08008338                __sf_fake_stderr
                0x08008358                __sf_fake_stdout
                0x08008378                __sf_fake_stdin
 .rodata        0x08008398      0x128 /home/dragon/CodeSourcery/Sourcery_CodeBench_Lite_for_ARM_EABI/bin/../lib/gcc/arm-none-eabi/4.7.3/../../../../arm-none-eabi/lib/thumb2/libc.a(lib_a-mprec.o)
                0x080083a8                __mprec_tens
                0x08008470                __mprec_tinytens
                0x08008498                __mprec_bigtens
 .rodata        0x080084c0       0x20 /home/dragon/CodeSourcery/Sourcery_CodeBench_Lite_for_ARM_EABI/bin/../lib/gcc/arm-none-eabi/4.7.3/../../../../arm-none-eabi/lib/thumb2/libc.a(lib_a-vfiprintf.o)
 *(.rodata*)
 .rodata.str1.4
                0x080084e0        0x2 /home/dragon/CodeSourcery/Sourcery_CodeBench_Lite_for_ARM_EABI/bin/../lib/gcc/arm-none-eabi/4.7.3/../../../../arm-none-eabi/lib/thumb2/libc.a(lib_a-impure.o)
                                  0x4 (size before relaxing)
 *fill*         0x080084e2        0x2 
 .rodata.str1.4
                0x080084e4       0x42 /home/dragon/CodeSourcery/Sourcery_CodeBench_Lite_for_ARM_EABI/bin/../lib/gcc/arm-none-eabi/4.7.3/../../../../arm-none-eabi/lib/thumb2/libc.a(lib_a-vfprintf.o)
                                 0x44 (size before relaxing)
 *fill*         0x08008526        0x2 
 .rodata.str1.4
                0x08008528       0x10 /home/dragon/CodeSourcery/Sourcery_CodeBench_Lite_for_ARM_EABI/bin/../lib/gcc/arm-none-eabi/4.7.3/../../../../arm-none-eabi/lib/thumb2/libc.a(lib_a-dtoa.o)
                                 0x14 (size before relaxing)
 .rodata.str1.4
                0x08008538        0xc /home/dragon/CodeSourcery/Sourcery_CodeBench_Lite_for_ARM_EABI/bin/../lib/gcc/arm-none-eabi/4.7.3/../../../../arm-none-eabi/lib/thumb2/libc.a(lib_a-locale.o)
                                 0x14 (size before relaxing)
 .rodata.str1.4
                0x00000000       0x30 /home/dragon/CodeSourcery/Sourcery_CodeBench_Lite_for_ARM_EABI/bin/../lib/gcc/arm-none-eabi/4.7.3/../../../../arm-none-eabi/lib/thumb2/libc.a(lib_a-vfiprintf.o)
 *(.glue_7)
 .glue_7        0x00000000        0x0 linker stubs
 *(.glue_7t)
 .glue_7t       0x00000000        0x0 linker stubs
 *(.eh_frame)
 .eh_frame      0x08008544        0x0 /home/dragon/CodeSourcery/Sourcery_CodeBench_Lite_for_ARM_EABI/bin/../lib/gcc/arm-none-eabi/4.7.3/thumb2/crtbegin.o
 *(.init)
 .init          0x08008544        0x4 /home/dragon/CodeSourcery/Sourcery_CodeBench_Lite_for_ARM_EABI/bin/../lib/gcc/arm-none-eabi/4.7.3/thumb2/crti.o
                0x08008544                _init
 .init          0x08008548        0x8 /home/dragon/CodeSourcery/Sourcery_CodeBench_Lite_for_ARM_EABI/bin/../lib/gcc/arm-none-eabi/4.7.3/thumb2/crtn.o
 *(.fini)
 .fini          0x08008550        0x4 /home/dragon/CodeSourcery/Sourcery_CodeBench_Lite_for_ARM_EABI/bin/../lib/gcc/arm-none-eabi/4.7.3/thumb2/crti.o
                0x08008550                _fini
 .fini          0x08008554        0x8 /home/dragon/CodeSourcery/Sourcery_CodeBench_Lite_for_ARM_EABI/bin/../lib/gcc/arm-none-eabi/4.7.3/thumb2/crtn.o
                0x0800855c                . = ALIGN (0x4)
                0x0800855c                _etext = .

.vfp11_veneer   0x0800855c        0x0
 .vfp11_veneer  0x00000000        0x0 linker stubs

.v4_bx          0x0800855c        0x0
 .v4_bx         0x00000000        0x0 linker stubs

.iplt           0x0800855c        0x0
 .iplt          0x00000000        0x0 /home/dragon/CodeSourcery/Sourcery_CodeBench_Lite_for_ARM_EABI/bin/../lib/gcc/arm-none-eabi/4.7.3/thumb2/crtbegin.o

.ARM.extab
 *(.ARM.extab* .gnu.linkonce.armextab.*)

.ARM            0x0800855c        0x8
                0x0800855c                __exidx_start = .
 *(.ARM.exidx*)
 .ARM.exidx     0x0800855c        0x8 /home/dragon/CodeSourcery/Sourcery_CodeBench_Lite_for_ARM_EABI/bin/../lib/gcc/arm-none-eabi/4.7.3/thumb2/libgcc.a(_divdi3.o)
 .ARM.exidx     0x08008564        0x0 /home/dragon/CodeSourcery/Sourcery_CodeBench_Lite_for_ARM_EABI/bin/../lib/gcc/arm-none-eabi/4.7.3/thumb2/libgcc.a(_udivdi3.o)
                                  0x8 (size before relaxing)
                0x08008564                __exidx_end = .

.rel.dyn        0x08008564        0x0
 .rel.iplt      0x00000000        0x0 /home/dragon/CodeSourcery/Sourcery_CodeBench_Lite_for_ARM_EABI/bin/../lib/gcc/arm-none-eabi/4.7.3/thumb2/crtbegin.o

.preinit_array  0x08008564        0x0
                0x08008564                PROVIDE (__preinit_array_start, .)
 *(.preinit_array*)
                0x08008564                PROVIDE (__preinit_array_end, .)

.init_array     0x08008564        0x4
                0x08008564                PROVIDE (__init_array_start, .)
 *(SORT(.init_array.*))
 *(.init_array*)
 .init_array    0x08008564        0x4 /home/dragon/CodeSourcery/Sourcery_CodeBench_Lite_for_ARM_EABI/bin/../lib/gcc/arm-none-eabi/4.7.3/thumb2/crtbegin.o
                0x08008568                PROVIDE (__init_array_end, .)

.fini_array     0x08008568        0x4
                0x08008568                PROVIDE (__fini_array_start, .)
 *(.fini_array*)
 .fini_array    0x08008568        0x4 /home/dragon/CodeSourcery/Sourcery_CodeBench_Lite_for_ARM_EABI/bin/../lib/gcc/arm-none-eabi/4.7.3/thumb2/crtbegin.o
 *(SORT(.fini_array.*))
                0x0800856c                PROVIDE (__fini_array_end, .)
                0x0800856c                _sidata = .

.data           0x20000000      0x598 load address 0x0800856c
                0x20000000                . = ALIGN (0x4)
                0x20000000                _sdata = .
 *(.data)
 .data          0x20000000       0xf4 /home/dragon/CodeSourcery/Sourcery_CodeBench_Lite_for_ARM_EABI/bin/../lib/gcc/arm-none-eabi/4.7.3/../../../../arm-none-eabi/lib/thumb2/libc.a(lib_a-impure.o)
                0x20000000                _impure_ptr
 .data          0x200000f4       0x7c /home/dragon/CodeSourcery/Sourcery_CodeBench_Lite_for_ARM_EABI/bin/../lib/gcc/arm-none-eabi/4.7.3/../../../../arm-none-eabi/lib/thumb2/libc.a(lib_a-locale.o)
                0x20000114                __mb_cur_max
 .data          0x20000170      0x410 /home/dragon/CodeSourcery/Sourcery_CodeBench_Lite_for_ARM_EABI/bin/../lib/gcc/arm-none-eabi/4.7.3/../../../../arm-none-eabi/lib/thumb2/libc.a(lib_a-mallocr.o)
                0x20000170                __malloc_av_
                0x20000578                __malloc_sbrk_base
                0x2000057c                __malloc_trim_threshold
 .data          0x20000580        0x4 /home/dragon/CodeSourcery/Sourcery_CodeBench_Lite_for_ARM_EABI/bin/../lib/gcc/arm-none-eabi/4.7.3/../../../../arm-none-eabi/lib/thumb2/libc.a(lib_a-wctomb_r.o)
                0x20000580                __wctomb
 *(.data*)
 .data.APBAHBPrescTable
                0x20000584       0x10 ./STM32F10x_StdPeriph_Lib_V3.5.0/Libraries/STM32F10x_StdPeriph_Driver/src/stm32f10x_rcc.o
 .data.ADCPrescTable
                0x20000594        0x4 ./STM32F10x_StdPeriph_Lib_V3.5.0/Libraries/STM32F10x_StdPeriph_Driver/src/stm32f10x_rcc.o
                0x20000598                . = ALIGN (0x4)
                0x20000598                _edata = .

.jcr            0x20000598        0x0 load address 0x08008b04
 .jcr           0x20000598        0x0 /home/dragon/CodeSourcery/Sourcery_CodeBench_Lite_for_ARM_EABI/bin/../lib/gcc/arm-none-eabi/4.7.3/thumb2/crtbegin.o

.tm_clone_table
                0x20000598        0x0 load address 0x08008b04
 .tm_clone_table
                0x20000598        0x0 /home/dragon/CodeSourcery/Sourcery_CodeBench_Lite_for_ARM_EABI/bin/../lib/gcc/arm-none-eabi/4.7.3/thumb2/crtbegin.o
 .tm_clone_table
                0x20000598        0x0 /home/dragon/CodeSourcery/Sourcery_CodeBench_Lite_for_ARM_EABI/bin/../lib/gcc/arm-none-eabi/4.7.3/thumb2/crtend.o

.igot.plt       0x20000598        0x0 load address 0x08008b04
 .igot.plt      0x00000000        0x0 /home/dragon/CodeSourcery/Sourcery_CodeBench_Lite_for_ARM_EABI/bin/../lib/gcc/arm-none-eabi/4.7.3/thumb2/crtbegin.o
                0x20000598                . = ALIGN (0x4)

.bss            0x20000598       0x5c load address 0x08008b04
                0x20000598                _sbss = .
                0x20000598                __bss_start__ = _sbss
 *(.bss)
 .bss           0x20000598       0x1c /home/dragon/CodeSourcery/Sourcery_CodeBench_Lite_for_ARM_EABI/bin/../lib/gcc/arm-none-eabi/4.7.3/thumb2/crtbegin.o
 .bss           0x200005b4       0x34 /home/dragon/CodeSourcery/Sourcery_CodeBench_Lite_for_ARM_EABI/bin/../lib/gcc/arm-none-eabi/4.7.3/../../../../arm-none-eabi/lib/thumb2/libc.a(lib_a-mallocr.o)
                0x200005b4                __malloc_top_pad
                0x200005b8                __malloc_current_mallinfo
                0x200005e0                __malloc_max_sbrked_mem
                0x200005e4                __malloc_max_total_mem
 *(.bss*)
 .bss.heap_end.6975
                0x200005e8        0x4 ./STM32F10x_StdPeriph_Lib_V3.5.0/newlibSerialNeedToUse.o
 *(COMMON)
 COMMON         0x200005ec        0x4 ./src/main.o
                0x200005ec                GPIO_InitStructure
 COMMON         0x200005f0        0x4 /home/dragon/CodeSourcery/Sourcery_CodeBench_Lite_for_ARM_EABI/bin/../lib/gcc/arm-none-eabi/4.7.3/../../../../arm-none-eabi/lib/thumb2/libc.a(lib_a-reent.o)
                0x200005f0                errno
                0x200005f4                . = ALIGN (0x4)
                0x200005f4                _ebss = .
                0x200005f4                __bss_end__ = _ebss

._user_heap_stack
                0x200005f4      0x100 load address 0x08008b60
                0x200005f4                . = ALIGN (0x4)
                0x200005f4                PROVIDE (end, .)
                0x200005f4                PROVIDE (_end, .)
                0x200005f4                . = (. + _Min_Heap_Size)
                0x200006f4                . = (. + _Min_Stack_Size)
 *fill*         0x200005f4      0x100 
                0x200006f4                . = ALIGN (0x4)

.memory_b1_text
 *(.mb1text)
 *(.mb1text*)
 *(.mb1rodata)
 *(.mb1rodata*)

/DISCARD/
 libc.a(*)
 libm.a(*)
 libgcc.a(*)

.ARM.attributes
                0x00000000       0x27
 *(.ARM.attributes)
 .ARM.attributes
                0x00000000       0x19 /home/dragon/CodeSourcery/Sourcery_CodeBench_Lite_for_ARM_EABI/bin/../lib/gcc/arm-none-eabi/4.7.3/thumb2/crti.o
 .ARM.attributes
                0x00000019       0x29 /home/dragon/CodeSourcery/Sourcery_CodeBench_Lite_for_ARM_EABI/bin/../lib/gcc/arm-none-eabi/4.7.3/thumb2/crtbegin.o
 .ARM.attributes
                0x00000042       0x33 ./src/main.o
 .ARM.attributes
                0x00000075       0x33 ./src/stm32f10x_it.o
 .ARM.attributes
                0x000000a8       0x33 ./src/system_stm32f10x.o
 .ARM.attributes
                0x000000db       0x33 ./STM32F10x_StdPeriph_Lib_V3.5.0/Libraries/STM32F10x_StdPeriph_Driver/src/stm32f10x_gpio.o
 .ARM.attributes
                0x0000010e       0x33 ./STM32F10x_StdPeriph_Lib_V3.5.0/Libraries/STM32F10x_StdPeriph_Driver/src/stm32f10x_rcc.o
 .ARM.attributes
                0x00000141       0x33 ./STM32F10x_StdPeriph_Lib_V3.5.0/Libraries/STM32F10x_StdPeriph_Driver/src/stm32f10x_usart.o
 .ARM.attributes
                0x00000174       0x21 ./STM32F10x_StdPeriph_Lib_V3.5.0/Libraries/CMSIS/CM3/DeviceSupport/ST/STM32F10x/startup/TrueSTUDIO/startup_stm32f10x_md.o
 .ARM.attributes
                0x00000195       0x33 ./STM32F10x_StdPeriph_Lib_V3.5.0/Libraries/CMSIS/CM3/CoreSupport/core_cm3.o
 .ARM.attributes
                0x000001c8       0x33 ./STM32F10x_StdPeriph_Lib_V3.5.0/newlibSerialNeedToUse.o
 .ARM.attributes
                0x000001fb       0x29 /home/dragon/CodeSourcery/Sourcery_CodeBench_Lite_for_ARM_EABI/bin/../lib/gcc/arm-none-eabi/4.7.3/../../../../arm-none-eabi/lib/thumb2/libc.a(lib_a-impure.o)
 .ARM.attributes
                0x00000224       0x29 /home/dragon/CodeSourcery/Sourcery_CodeBench_Lite_for_ARM_EABI/bin/../lib/gcc/arm-none-eabi/4.7.3/../../../../arm-none-eabi/lib/thumb2/libc.a(lib_a-init.o)
 .ARM.attributes
                0x0000024d       0x29 /home/dragon/CodeSourcery/Sourcery_CodeBench_Lite_for_ARM_EABI/bin/../lib/gcc/arm-none-eabi/4.7.3/../../../../arm-none-eabi/lib/thumb2/libc.a(lib_a-printf.o)
 .ARM.attributes
                0x00000276       0x29 /home/dragon/CodeSourcery/Sourcery_CodeBench_Lite_for_ARM_EABI/bin/../lib/gcc/arm-none-eabi/4.7.3/../../../../arm-none-eabi/lib/thumb2/libc.a(lib_a-reent.o)
 .ARM.attributes
                0x0000029f       0x29 /home/dragon/CodeSourcery/Sourcery_CodeBench_Lite_for_ARM_EABI/bin/../lib/gcc/arm-none-eabi/4.7.3/../../../../arm-none-eabi/lib/thumb2/libc.a(lib_a-setvbuf.o)
 .ARM.attributes
                0x000002c8       0x29 /home/dragon/CodeSourcery/Sourcery_CodeBench_Lite_for_ARM_EABI/bin/../lib/gcc/arm-none-eabi/4.7.3/../../../../arm-none-eabi/lib/thumb2/libc.a(lib_a-vfprintf.o)
 .ARM.attributes
                0x000002f1       0x29 /home/dragon/CodeSourcery/Sourcery_CodeBench_Lite_for_ARM_EABI/bin/../lib/gcc/arm-none-eabi/4.7.3/../../../../arm-none-eabi/lib/thumb2/libc.a(lib_a-wsetup.o)
 .ARM.attributes
                0x0000031a       0x29 /home/dragon/CodeSourcery/Sourcery_CodeBench_Lite_for_ARM_EABI/bin/../lib/gcc/arm-none-eabi/4.7.3/../../../../arm-none-eabi/lib/thumb2/libc.a(lib_a-dtoa.o)
 .ARM.attributes
                0x00000343       0x29 /home/dragon/CodeSourcery/Sourcery_CodeBench_Lite_for_ARM_EABI/bin/../lib/gcc/arm-none-eabi/4.7.3/../../../../arm-none-eabi/lib/thumb2/libc.a(lib_a-fflush.o)
 .ARM.attributes
                0x0000036c       0x29 /home/dragon/CodeSourcery/Sourcery_CodeBench_Lite_for_ARM_EABI/bin/../lib/gcc/arm-none-eabi/4.7.3/../../../../arm-none-eabi/lib/thumb2/libc.a(lib_a-findfp.o)
 .ARM.attributes
                0x00000395       0x29 /home/dragon/CodeSourcery/Sourcery_CodeBench_Lite_for_ARM_EABI/bin/../lib/gcc/arm-none-eabi/4.7.3/../../../../arm-none-eabi/lib/thumb2/libc.a(lib_a-freer.o)
 .ARM.attributes
                0x000003be       0x29 /home/dragon/CodeSourcery/Sourcery_CodeBench_Lite_for_ARM_EABI/bin/../lib/gcc/arm-none-eabi/4.7.3/../../../../arm-none-eabi/lib/thumb2/libc.a(lib_a-fwalk.o)
 .ARM.attributes
                0x000003e7       0x29 /home/dragon/CodeSourcery/Sourcery_CodeBench_Lite_for_ARM_EABI/bin/../lib/gcc/arm-none-eabi/4.7.3/../../../../arm-none-eabi/lib/thumb2/libc.a(lib_a-locale.o)
 .ARM.attributes
                0x00000410       0x29 /home/dragon/CodeSourcery/Sourcery_CodeBench_Lite_for_ARM_EABI/bin/../lib/gcc/arm-none-eabi/4.7.3/../../../../arm-none-eabi/lib/thumb2/libc.a(lib_a-makebuf.o)
 .ARM.attributes
                0x00000439       0x29 /home/dragon/CodeSourcery/Sourcery_CodeBench_Lite_for_ARM_EABI/bin/../lib/gcc/arm-none-eabi/4.7.3/../../../../arm-none-eabi/lib/thumb2/libc.a(lib_a-malloc.o)
 .ARM.attributes
                0x00000462       0x29 /home/dragon/CodeSourcery/Sourcery_CodeBench_Lite_for_ARM_EABI/bin/../lib/gcc/arm-none-eabi/4.7.3/../../../../arm-none-eabi/lib/thumb2/libc.a(lib_a-mallocr.o)
 .ARM.attributes
                0x0000048b       0x29 /home/dragon/CodeSourcery/Sourcery_CodeBench_Lite_for_ARM_EABI/bin/../lib/gcc/arm-none-eabi/4.7.3/../../../../arm-none-eabi/lib/thumb2/libc.a(lib_a-memchr.o)
 .ARM.attributes
                0x000004b4       0x29 /home/dragon/CodeSourcery/Sourcery_CodeBench_Lite_for_ARM_EABI/bin/../lib/gcc/arm-none-eabi/4.7.3/../../../../arm-none-eabi/lib/thumb2/libc.a(lib_a-memcpy.o)
 .ARM.attributes
                0x000004dd       0x29 /home/dragon/CodeSourcery/Sourcery_CodeBench_Lite_for_ARM_EABI/bin/../lib/gcc/arm-none-eabi/4.7.3/../../../../arm-none-eabi/lib/thumb2/libc.a(lib_a-memset.o)
 .ARM.attributes
                0x00000506       0x29 /home/dragon/CodeSourcery/Sourcery_CodeBench_Lite_for_ARM_EABI/bin/../lib/gcc/arm-none-eabi/4.7.3/../../../../arm-none-eabi/lib/thumb2/libc.a(lib_a-mlock.o)
 .ARM.attributes
                0x0000052f       0x29 /home/dragon/CodeSourcery/Sourcery_CodeBench_Lite_for_ARM_EABI/bin/../lib/gcc/arm-none-eabi/4.7.3/../../../../arm-none-eabi/lib/thumb2/libc.a(lib_a-mprec.o)
 .ARM.attributes
                0x00000558       0x29 /home/dragon/CodeSourcery/Sourcery_CodeBench_Lite_for_ARM_EABI/bin/../lib/gcc/arm-none-eabi/4.7.3/../../../../arm-none-eabi/lib/thumb2/libc.a(lib_a-s_fpclassify.o)
 .ARM.attributes
                0x00000581       0x29 /home/dragon/CodeSourcery/Sourcery_CodeBench_Lite_for_ARM_EABI/bin/../lib/gcc/arm-none-eabi/4.7.3/../../../../arm-none-eabi/lib/thumb2/libc.a(lib_a-sbrkr.o)
 .ARM.attributes
                0x000005aa       0x29 /home/dragon/CodeSourcery/Sourcery_CodeBench_Lite_for_ARM_EABI/bin/../lib/gcc/arm-none-eabi/4.7.3/../../../../arm-none-eabi/lib/thumb2/libc.a(lib_a-stdio.o)
 .ARM.attributes
                0x000005d3       0x29 /home/dragon/CodeSourcery/Sourcery_CodeBench_Lite_for_ARM_EABI/bin/../lib/gcc/arm-none-eabi/4.7.3/../../../../arm-none-eabi/lib/thumb2/libc.a(lib_a-strcmp.o)
 .ARM.attributes
                0x000005fc       0x29 /home/dragon/CodeSourcery/Sourcery_CodeBench_Lite_for_ARM_EABI/bin/../lib/gcc/arm-none-eabi/4.7.3/../../../../arm-none-eabi/lib/thumb2/libc.a(lib_a-strlen.o)
 .ARM.attributes
                0x00000625       0x29 /home/dragon/CodeSourcery/Sourcery_CodeBench_Lite_for_ARM_EABI/bin/../lib/gcc/arm-none-eabi/4.7.3/../../../../arm-none-eabi/lib/thumb2/libc.a(lib_a-vfiprintf.o)
 .ARM.attributes
                0x0000064e       0x29 /home/dragon/CodeSourcery/Sourcery_CodeBench_Lite_for_ARM_EABI/bin/../lib/gcc/arm-none-eabi/4.7.3/../../../../arm-none-eabi/lib/thumb2/libc.a(lib_a-writer.o)
 .ARM.attributes
                0x00000677       0x29 /home/dragon/CodeSourcery/Sourcery_CodeBench_Lite_for_ARM_EABI/bin/../lib/gcc/arm-none-eabi/4.7.3/../../../../arm-none-eabi/lib/thumb2/libc.a(lib_a-callocr.o)
 .ARM.attributes
                0x000006a0       0x29 /home/dragon/CodeSourcery/Sourcery_CodeBench_Lite_for_ARM_EABI/bin/../lib/gcc/arm-none-eabi/4.7.3/../../../../arm-none-eabi/lib/thumb2/libc.a(lib_a-closer.o)
 .ARM.attributes
                0x000006c9       0x29 /home/dragon/CodeSourcery/Sourcery_CodeBench_Lite_for_ARM_EABI/bin/../lib/gcc/arm-none-eabi/4.7.3/../../../../arm-none-eabi/lib/thumb2/libc.a(lib_a-fclose.o)
 .ARM.attributes
                0x000006f2       0x29 /home/dragon/CodeSourcery/Sourcery_CodeBench_Lite_for_ARM_EABI/bin/../lib/gcc/arm-none-eabi/4.7.3/../../../../arm-none-eabi/lib/thumb2/libc.a(lib_a-fputwc.o)
 .ARM.attributes
                0x0000071b       0x29 /home/dragon/CodeSourcery/Sourcery_CodeBench_Lite_for_ARM_EABI/bin/../lib/gcc/arm-none-eabi/4.7.3/../../../../arm-none-eabi/lib/thumb2/libc.a(lib_a-fstatr.o)
 .ARM.attributes
                0x00000744       0x29 /home/dragon/CodeSourcery/Sourcery_CodeBench_Lite_for_ARM_EABI/bin/../lib/gcc/arm-none-eabi/4.7.3/../../../../arm-none-eabi/lib/thumb2/libc.a(lib_a-fvwrite.o)
 .ARM.attributes
                0x0000076d       0x29 /home/dragon/CodeSourcery/Sourcery_CodeBench_Lite_for_ARM_EABI/bin/../lib/gcc/arm-none-eabi/4.7.3/../../../../arm-none-eabi/lib/thumb2/libc.a(lib_a-isattyr.o)
 .ARM.attributes
                0x00000796       0x29 /home/dragon/CodeSourcery/Sourcery_CodeBench_Lite_for_ARM_EABI/bin/../lib/gcc/arm-none-eabi/4.7.3/../../../../arm-none-eabi/lib/thumb2/libc.a(lib_a-lseekr.o)
 .ARM.attributes
                0x000007bf       0x29 /home/dragon/CodeSourcery/Sourcery_CodeBench_Lite_for_ARM_EABI/bin/../lib/gcc/arm-none-eabi/4.7.3/../../../../arm-none-eabi/lib/thumb2/libc.a(lib_a-memmove.o)
 .ARM.attributes
                0x000007e8       0x29 /home/dragon/CodeSourcery/Sourcery_CodeBench_Lite_for_ARM_EABI/bin/../lib/gcc/arm-none-eabi/4.7.3/../../../../arm-none-eabi/lib/thumb2/libc.a(lib_a-readr.o)
 .ARM.attributes
                0x00000811       0x29 /home/dragon/CodeSourcery/Sourcery_CodeBench_Lite_for_ARM_EABI/bin/../lib/gcc/arm-none-eabi/4.7.3/../../../../arm-none-eabi/lib/thumb2/libc.a(lib_a-reallocr.o)
 .ARM.attributes
                0x0000083a       0x29 /home/dragon/CodeSourcery/Sourcery_CodeBench_Lite_for_ARM_EABI/bin/../lib/gcc/arm-none-eabi/4.7.3/../../../../arm-none-eabi/lib/thumb2/libc.a(lib_a-wbuf.o)
 .ARM.attributes
                0x00000863       0x29 /home/dragon/CodeSourcery/Sourcery_CodeBench_Lite_for_ARM_EABI/bin/../lib/gcc/arm-none-eabi/4.7.3/../../../../arm-none-eabi/lib/thumb2/libc.a(lib_a-wcrtomb.o)
 .ARM.attributes
                0x0000088c       0x29 /home/dragon/CodeSourcery/Sourcery_CodeBench_Lite_for_ARM_EABI/bin/../lib/gcc/arm-none-eabi/4.7.3/../../../../arm-none-eabi/lib/thumb2/libc.a(lib_a-wctomb_r.o)
 .ARM.attributes
                0x000008b5       0x19 /home/dragon/CodeSourcery/Sourcery_CodeBench_Lite_for_ARM_EABI/bin/../lib/gcc/arm-none-eabi/4.7.3/thumb2/libgcc.a(_udivsi3.o)
 .ARM.attributes
                0x000008ce       0x19 /home/dragon/CodeSourcery/Sourcery_CodeBench_Lite_for_ARM_EABI/bin/../lib/gcc/arm-none-eabi/4.7.3/thumb2/libgcc.a(_dvmd_tls.o)
 .ARM.attributes
                0x000008e7       0x19 /home/dragon/CodeSourcery/Sourcery_CodeBench_Lite_for_ARM_EABI/bin/../lib/gcc/arm-none-eabi/4.7.3/thumb2/libgcc.a(_arm_addsubdf3.o)
 .ARM.attributes
                0x00000900       0x19 /home/dragon/CodeSourcery/Sourcery_CodeBench_Lite_for_ARM_EABI/bin/../lib/gcc/arm-none-eabi/4.7.3/thumb2/libgcc.a(_arm_muldivdf3.o)
 .ARM.attributes
                0x00000919       0x19 /home/dragon/CodeSourcery/Sourcery_CodeBench_Lite_for_ARM_EABI/bin/../lib/gcc/arm-none-eabi/4.7.3/thumb2/libgcc.a(_arm_cmpdf2.o)
 .ARM.attributes
                0x00000932       0x19 /home/dragon/CodeSourcery/Sourcery_CodeBench_Lite_for_ARM_EABI/bin/../lib/gcc/arm-none-eabi/4.7.3/thumb2/libgcc.a(_arm_fixdfsi.o)
 .ARM.attributes
                0x0000094b       0x19 /home/dragon/CodeSourcery/Sourcery_CodeBench_Lite_for_ARM_EABI/bin/../lib/gcc/arm-none-eabi/4.7.3/thumb2/libgcc.a(_aeabi_uldivmod.o)
 .ARM.attributes
                0x00000964       0x29 /home/dragon/CodeSourcery/Sourcery_CodeBench_Lite_for_ARM_EABI/bin/../lib/gcc/arm-none-eabi/4.7.3/thumb2/libgcc.a(bpabi.o)
 .ARM.attributes
                0x0000098d       0x29 /home/dragon/CodeSourcery/Sourcery_CodeBench_Lite_for_ARM_EABI/bin/../lib/gcc/arm-none-eabi/4.7.3/thumb2/libgcc.a(_divdi3.o)
 .ARM.attributes
                0x000009b6       0x29 /home/dragon/CodeSourcery/Sourcery_CodeBench_Lite_for_ARM_EABI/bin/../lib/gcc/arm-none-eabi/4.7.3/thumb2/libgcc.a(_udivdi3.o)
 .ARM.attributes
                0x000009df       0x29 /home/dragon/CodeSourcery/Sourcery_CodeBench_Lite_for_ARM_EABI/bin/../lib/gcc/arm-none-eabi/4.7.3/thumb2/crtend.o
 .ARM.attributes
                0x00000a08       0x19 /home/dragon/CodeSourcery/Sourcery_CodeBench_Lite_for_ARM_EABI/bin/../lib/gcc/arm-none-eabi/4.7.3/thumb2/crtn.o
OUTPUT(STM32F103C8T6_LibV3.5.elf elf32-littlearm)

.debug_info     0x00000000     0x3b1c
 .debug_info    0x00000000      0xc2d ./src/main.o
 .debug_info    0x00000c2d      0x154 ./src/stm32f10x_it.o
 .debug_info    0x00000d81      0x481 ./src/system_stm32f10x.o
 .debug_info    0x00001202      0x736 ./STM32F10x_StdPeriph_Lib_V3.5.0/Libraries/STM32F10x_StdPeriph_Driver/src/stm32f10x_gpio.o
 .debug_info    0x00001938      0x922 ./STM32F10x_StdPeriph_Lib_V3.5.0/Libraries/STM32F10x_StdPeriph_Driver/src/stm32f10x_rcc.o
 .debug_info    0x0000225a      0xa8a ./STM32F10x_StdPeriph_Lib_V3.5.0/Libraries/STM32F10x_StdPeriph_Driver/src/stm32f10x_usart.o
 .debug_info    0x00002ce4       0xd3 ./STM32F10x_StdPeriph_Lib_V3.5.0/Libraries/CMSIS/CM3/DeviceSupport/ST/STM32F10x/startup/TrueSTUDIO/startup_stm32f10x_md.o
 .debug_info    0x00002db7      0x566 ./STM32F10x_StdPeriph_Lib_V3.5.0/Libraries/CMSIS/CM3/CoreSupport/core_cm3.o
 .debug_info    0x0000331d      0x7ff ./STM32F10x_StdPeriph_Lib_V3.5.0/newlibSerialNeedToUse.o

.debug_abbrev   0x00000000      0xbe6
 .debug_abbrev  0x00000000      0x201 ./src/main.o
 .debug_abbrev  0x00000201       0x5f ./src/stm32f10x_it.o
 .debug_abbrev  0x00000260      0x17e ./src/system_stm32f10x.o
 .debug_abbrev  0x000003de      0x1cf ./STM32F10x_StdPeriph_Lib_V3.5.0/Libraries/STM32F10x_StdPeriph_Driver/src/stm32f10x_gpio.o
 .debug_abbrev  0x000005ad      0x1c1 ./STM32F10x_StdPeriph_Lib_V3.5.0/Libraries/STM32F10x_StdPeriph_Driver/src/stm32f10x_rcc.o
 .debug_abbrev  0x0000076e      0x169 ./STM32F10x_StdPeriph_Lib_V3.5.0/Libraries/STM32F10x_StdPeriph_Driver/src/stm32f10x_usart.o
 .debug_abbrev  0x000008d7       0x12 ./STM32F10x_StdPeriph_Lib_V3.5.0/Libraries/CMSIS/CM3/DeviceSupport/ST/STM32F10x/startup/TrueSTUDIO/startup_stm32f10x_md.o
 .debug_abbrev  0x000008e9       0xe9 ./STM32F10x_StdPeriph_Lib_V3.5.0/Libraries/CMSIS/CM3/CoreSupport/core_cm3.o
 .debug_abbrev  0x000009d2      0x214 ./STM32F10x_StdPeriph_Lib_V3.5.0/newlibSerialNeedToUse.o

.debug_loc      0x00000000     0x1ba4
 .debug_loc     0x00000000       0xa8 ./src/main.o
 .debug_loc     0x000000a8      0x18c ./src/stm32f10x_it.o
 .debug_loc     0x00000234       0xc8 ./src/system_stm32f10x.o
 .debug_loc     0x000002fc      0x3e4 ./STM32F10x_StdPeriph_Lib_V3.5.0/Libraries/STM32F10x_StdPeriph_Driver/src/stm32f10x_gpio.o
 .debug_loc     0x000006e0      0x6dc ./STM32F10x_StdPeriph_Lib_V3.5.0/Libraries/STM32F10x_StdPeriph_Driver/src/stm32f10x_rcc.o
 .debug_loc     0x00000dbc      0x658 ./STM32F10x_StdPeriph_Lib_V3.5.0/Libraries/STM32F10x_StdPeriph_Driver/src/stm32f10x_usart.o
 .debug_loc     0x00001414      0x3f0 ./STM32F10x_StdPeriph_Lib_V3.5.0/Libraries/CMSIS/CM3/CoreSupport/core_cm3.o
 .debug_loc     0x00001804      0x3a0 ./STM32F10x_StdPeriph_Lib_V3.5.0/newlibSerialNeedToUse.o

.debug_aranges  0x00000000      0x518
 .debug_aranges
                0x00000000       0x30 ./src/main.o
 .debug_aranges
                0x00000030       0x60 ./src/stm32f10x_it.o
 .debug_aranges
                0x00000090       0x38 ./src/system_stm32f10x.o
 .debug_aranges
                0x000000c8       0xa8 ./STM32F10x_StdPeriph_Lib_V3.5.0/Libraries/STM32F10x_StdPeriph_Driver/src/stm32f10x_gpio.o
 .debug_aranges
                0x00000170      0x118 ./STM32F10x_StdPeriph_Lib_V3.5.0/Libraries/STM32F10x_StdPeriph_Driver/src/stm32f10x_rcc.o
 .debug_aranges
                0x00000288      0x100 ./STM32F10x_StdPeriph_Lib_V3.5.0/Libraries/STM32F10x_StdPeriph_Driver/src/stm32f10x_usart.o
 .debug_aranges
                0x00000388       0x28 ./STM32F10x_StdPeriph_Lib_V3.5.0/Libraries/CMSIS/CM3/DeviceSupport/ST/STM32F10x/startup/TrueSTUDIO/startup_stm32f10x_md.o
 .debug_aranges
                0x000003b0       0xc8 ./STM32F10x_StdPeriph_Lib_V3.5.0/Libraries/CMSIS/CM3/CoreSupport/core_cm3.o
 .debug_aranges
                0x00000478       0xa0 ./STM32F10x_StdPeriph_Lib_V3.5.0/newlibSerialNeedToUse.o

.debug_ranges   0x00000000      0x490
 .debug_ranges  0x00000000       0x20 ./src/main.o
 .debug_ranges  0x00000020       0x50 ./src/stm32f10x_it.o
 .debug_ranges  0x00000070       0x28 ./src/system_stm32f10x.o
 .debug_ranges  0x00000098       0x98 ./STM32F10x_StdPeriph_Lib_V3.5.0/Libraries/STM32F10x_StdPeriph_Driver/src/stm32f10x_gpio.o
 .debug_ranges  0x00000130      0x108 ./STM32F10x_StdPeriph_Lib_V3.5.0/Libraries/STM32F10x_StdPeriph_Driver/src/stm32f10x_rcc.o
 .debug_ranges  0x00000238       0xf0 ./STM32F10x_StdPeriph_Lib_V3.5.0/Libraries/STM32F10x_StdPeriph_Driver/src/stm32f10x_usart.o
 .debug_ranges  0x00000328       0x20 ./STM32F10x_StdPeriph_Lib_V3.5.0/Libraries/CMSIS/CM3/DeviceSupport/ST/STM32F10x/startup/TrueSTUDIO/startup_stm32f10x_md.o
 .debug_ranges  0x00000348       0xb8 ./STM32F10x_StdPeriph_Lib_V3.5.0/Libraries/CMSIS/CM3/CoreSupport/core_cm3.o
 .debug_ranges  0x00000400       0x90 ./STM32F10x_StdPeriph_Lib_V3.5.0/newlibSerialNeedToUse.o

.debug_macro    0x00000000     0xe394
 .debug_macro   0x00000000      0x214 ./src/main.o
 .debug_macro   0x00000214      0x814 ./src/main.o
 .debug_macro   0x00000a28       0x56 ./src/main.o
 .debug_macro   0x00000a7e       0x22 ./src/main.o
 .debug_macro   0x00000aa0      0x214 ./src/main.o
 .debug_macro   0x00000cb4      0x69f ./src/main.o
 .debug_macro   0x00001353     0x7dbe ./src/main.o
 .debug_macro   0x00009111      0x2df ./src/main.o
 .debug_macro   0x000093f0      0x144 ./src/main.o
 .debug_macro   0x00009534      0x3cf ./src/main.o
 .debug_macro   0x00009903       0xc8 ./src/main.o
 .debug_macro   0x000099cb      0x17a ./src/main.o
 .debug_macro   0x00009b45       0xac ./src/main.o
 .debug_macro   0x00009bf1      0x3ad ./src/main.o
 .debug_macro   0x00009f9e       0x9a ./src/main.o
 .debug_macro   0x0000a038      0x2cf ./src/main.o
 .debug_macro   0x0000a307      0x279 ./src/main.o
 .debug_macro   0x0000a580      0x2ac ./src/main.o
 .debug_macro   0x0000a82c      0x2b1 ./src/main.o
 .debug_macro   0x0000aadd       0x64 ./src/main.o
 .debug_macro   0x0000ab41       0x82 ./src/main.o
 .debug_macro   0x0000abc3      0x3e2 ./src/main.o
 .debug_macro   0x0000afa5       0x58 ./src/main.o
 .debug_macro   0x0000affd      0x341 ./src/main.o
 .debug_macro   0x0000b33e      0x2c4 ./src/main.o
 .debug_macro   0x0000b602      0x711 ./src/main.o
 .debug_macro   0x0000bd13      0x220 ./src/main.o
 .debug_macro   0x0000bf33       0x34 ./src/main.o
 .debug_macro   0x0000bf67       0x8b ./src/main.o
 .debug_macro   0x0000bff2       0x35 ./src/main.o
 .debug_macro   0x0000c027       0x3a ./src/main.o
 .debug_macro   0x0000c061       0x35 ./src/main.o
 .debug_macro   0x0000c096       0x94 ./src/main.o
 .debug_macro   0x0000c12a       0x10 ./src/main.o
 .debug_macro   0x0000c13a       0x89 ./src/main.o
 .debug_macro   0x0000c1c3       0x10 ./src/main.o
 .debug_macro   0x0000c1d3       0x3a ./src/main.o
 .debug_macro   0x0000c20d       0x52 ./src/main.o
 .debug_macro   0x0000c25f       0x19 ./src/main.o
 .debug_macro   0x0000c278      0x189 ./src/main.o
 .debug_macro   0x0000c401       0x10 ./src/main.o
 .debug_macro   0x0000c411       0xf5 ./src/main.o
 .debug_macro   0x0000c506       0x22 ./src/main.o
 .debug_macro   0x0000c528       0x91 ./src/main.o
 .debug_macro   0x0000c5b9       0x16 ./src/main.o
 .debug_macro   0x0000c5cf      0x15c ./src/main.o
 .debug_macro   0x0000c72b      0x146 ./src/stm32f10x_it.o
 .debug_macro   0x0000c871      0x149 ./src/system_stm32f10x.o
 .debug_macro   0x0000c9ba      0x194 ./STM32F10x_StdPeriph_Lib_V3.5.0/Libraries/STM32F10x_StdPeriph_Driver/src/stm32f10x_gpio.o
 .debug_macro   0x0000cb4e      0x2a6 ./STM32F10x_StdPeriph_Lib_V3.5.0/Libraries/STM32F10x_StdPeriph_Driver/src/stm32f10x_gpio.o
 .debug_macro   0x0000cdf4      0x262 ./STM32F10x_StdPeriph_Lib_V3.5.0/Libraries/STM32F10x_StdPeriph_Driver/src/stm32f10x_rcc.o
 .debug_macro   0x0000d056      0x3dc ./STM32F10x_StdPeriph_Lib_V3.5.0/Libraries/STM32F10x_StdPeriph_Driver/src/stm32f10x_rcc.o
 .debug_macro   0x0000d432      0x1fa ./STM32F10x_StdPeriph_Lib_V3.5.0/Libraries/STM32F10x_StdPeriph_Driver/src/stm32f10x_usart.o
 .debug_macro   0x0000d62c      0x21a ./STM32F10x_StdPeriph_Lib_V3.5.0/Libraries/STM32F10x_StdPeriph_Driver/src/stm32f10x_usart.o
 .debug_macro   0x0000d846       0x30 ./STM32F10x_StdPeriph_Lib_V3.5.0/Libraries/CMSIS/CM3/CoreSupport/core_cm3.o
 .debug_macro   0x0000d876      0x275 ./STM32F10x_StdPeriph_Lib_V3.5.0/newlibSerialNeedToUse.o
 .debug_macro   0x0000daeb       0x10 ./STM32F10x_StdPeriph_Lib_V3.5.0/newlibSerialNeedToUse.o
 .debug_macro   0x0000dafb      0x23e ./STM32F10x_StdPeriph_Lib_V3.5.0/newlibSerialNeedToUse.o
 .debug_macro   0x0000dd39       0x10 ./STM32F10x_StdPeriph_Lib_V3.5.0/newlibSerialNeedToUse.o
 .debug_macro   0x0000dd49       0x16 ./STM32F10x_StdPeriph_Lib_V3.5.0/newlibSerialNeedToUse.o
 .debug_macro   0x0000dd5f       0x35 ./STM32F10x_StdPeriph_Lib_V3.5.0/newlibSerialNeedToUse.o
 .debug_macro   0x0000dd94      0x120 ./STM32F10x_StdPeriph_Lib_V3.5.0/newlibSerialNeedToUse.o
 .debug_macro   0x0000deb4       0x16 ./STM32F10x_StdPeriph_Lib_V3.5.0/newlibSerialNeedToUse.o
 .debug_macro   0x0000deca       0x35 ./STM32F10x_StdPeriph_Lib_V3.5.0/newlibSerialNeedToUse.o
 .debug_macro   0x0000deff      0x495 ./STM32F10x_StdPeriph_Lib_V3.5.0/newlibSerialNeedToUse.o

.debug_line     0x00000000     0x34d9
 .debug_line    0x00000000      0x70f ./src/main.o
 .debug_line    0x0000070f      0x582 ./src/stm32f10x_it.o
 .debug_line    0x00000c91      0x574 ./src/system_stm32f10x.o
 .debug_line    0x00001205      0x6d1 ./STM32F10x_StdPeriph_Lib_V3.5.0/Libraries/STM32F10x_StdPeriph_Driver/src/stm32f10x_gpio.o
 .debug_line    0x000018d6      0x7e0 ./STM32F10x_StdPeriph_Lib_V3.5.0/Libraries/STM32F10x_StdPeriph_Driver/src/stm32f10x_rcc.o
 .debug_line    0x000020b6      0x7a8 ./STM32F10x_StdPeriph_Lib_V3.5.0/Libraries/STM32F10x_StdPeriph_Driver/src/stm32f10x_usart.o
 .debug_line    0x0000285e       0xd7 ./STM32F10x_StdPeriph_Lib_V3.5.0/Libraries/CMSIS/CM3/DeviceSupport/ST/STM32F10x/startup/TrueSTUDIO/startup_stm32f10x_md.o
 .debug_line    0x00002935      0x325 ./STM32F10x_StdPeriph_Lib_V3.5.0/Libraries/CMSIS/CM3/CoreSupport/core_cm3.o
 .debug_line    0x00002c5a      0x87f ./STM32F10x_StdPeriph_Lib_V3.5.0/newlibSerialNeedToUse.o

.debug_str      0x00000000    0x52151
 .debug_str     0x00000000    0x4ecbe ./src/main.o
                              0x4ee92 (size before relaxing)
 .debug_str     0x0004ecbe       0xb8 ./src/stm32f10x_it.o
                              0x4c12c (size before relaxing)
 .debug_str     0x0004ed76      0x17a ./src/system_stm32f10x.o
                              0x4c219 (size before relaxing)
 .debug_str     0x0004eef0      0x4d4 ./STM32F10x_StdPeriph_Lib_V3.5.0/Libraries/STM32F10x_StdPeriph_Driver/src/stm32f10x_gpio.o
                              0x4c6a8 (size before relaxing)
 .debug_str     0x0004f3c4      0xb22 ./STM32F10x_StdPeriph_Lib_V3.5.0/Libraries/STM32F10x_StdPeriph_Driver/src/stm32f10x_rcc.o
                              0x4cc8e (size before relaxing)
 .debug_str     0x0004fee6      0x79d ./STM32F10x_StdPeriph_Lib_V3.5.0/Libraries/STM32F10x_StdPeriph_Driver/src/stm32f10x_usart.o
                              0x4c9b8 (size before relaxing)
 .debug_str     0x00050683      0x179 ./STM32F10x_StdPeriph_Lib_V3.5.0/Libraries/CMSIS/CM3/CoreSupport/core_cm3.o
                               0x2c7b (size before relaxing)
 .debug_str     0x000507fc     0x1955 ./STM32F10x_StdPeriph_Lib_V3.5.0/newlibSerialNeedToUse.o
                              0x4fb78 (size before relaxing)

.comment        0x00000000       0x30
 .comment       0x00000000       0x30 ./src/main.o
                                 0x31 (size before relaxing)
 .comment       0x00000000       0x31 ./src/stm32f10x_it.o
 .comment       0x00000000       0x31 ./src/system_stm32f10x.o
 .comment       0x00000000       0x31 ./STM32F10x_StdPeriph_Lib_V3.5.0/Libraries/STM32F10x_StdPeriph_Driver/src/stm32f10x_gpio.o
 .comment       0x00000000       0x31 ./STM32F10x_StdPeriph_Lib_V3.5.0/Libraries/STM32F10x_StdPeriph_Driver/src/stm32f10x_rcc.o
 .comment       0x00000000       0x31 ./STM32F10x_StdPeriph_Lib_V3.5.0/Libraries/STM32F10x_StdPeriph_Driver/src/stm32f10x_usart.o
 .comment       0x00000000       0x31 ./STM32F10x_StdPeriph_Lib_V3.5.0/Libraries/CMSIS/CM3/CoreSupport/core_cm3.o
 .comment       0x00000000       0x31 ./STM32F10x_StdPeriph_Lib_V3.5.0/newlibSerialNeedToUse.o

.debug_frame    0x00000000     0x1d58
 .debug_frame   0x00000000       0x6c ./src/main.o
 .debug_frame   0x0000006c      0x10c ./src/stm32f10x_it.o
 .debug_frame   0x00000178       0x80 ./src/system_stm32f10x.o
 .debug_frame   0x000001f8      0x210 ./STM32F10x_StdPeriph_Lib_V3.5.0/Libraries/STM32F10x_StdPeriph_Driver/src/stm32f10x_gpio.o
 .debug_frame   0x00000408      0x394 ./STM32F10x_StdPeriph_Lib_V3.5.0/Libraries/STM32F10x_StdPeriph_Driver/src/stm32f10x_rcc.o
 .debug_frame   0x0000079c      0x344 ./STM32F10x_StdPeriph_Lib_V3.5.0/Libraries/STM32F10x_StdPeriph_Driver/src/stm32f10x_usart.o
 .debug_frame   0x00000ae0      0x280 ./STM32F10x_StdPeriph_Lib_V3.5.0/Libraries/CMSIS/CM3/CoreSupport/core_cm3.o
 .debug_frame   0x00000d60      0x1f4 ./STM32F10x_StdPeriph_Lib_V3.5.0/newlibSerialNeedToUse.o
 .debug_frame   0x00000f54       0x2c /home/dragon/CodeSourcery/Sourcery_CodeBench_Lite_for_ARM_EABI/bin/../lib/gcc/arm-none-eabi/4.7.3/../../../../arm-none-eabi/lib/thumb2/libc.a(lib_a-init.o)
 .debug_frame   0x00000f80       0x5c /home/dragon/CodeSourcery/Sourcery_CodeBench_Lite_for_ARM_EABI/bin/../lib/gcc/arm-none-eabi/4.7.3/../../../../arm-none-eabi/lib/thumb2/libc.a(lib_a-printf.o)
 .debug_frame   0x00000fdc       0x64 /home/dragon/CodeSourcery/Sourcery_CodeBench_Lite_for_ARM_EABI/bin/../lib/gcc/arm-none-eabi/4.7.3/../../../../arm-none-eabi/lib/thumb2/libc.a(lib_a-reent.o)
 .debug_frame   0x00001040       0x34 /home/dragon/CodeSourcery/Sourcery_CodeBench_Lite_for_ARM_EABI/bin/../lib/gcc/arm-none-eabi/4.7.3/../../../../arm-none-eabi/lib/thumb2/libc.a(lib_a-setvbuf.o)
 .debug_frame   0x00001074       0x54 /home/dragon/CodeSourcery/Sourcery_CodeBench_Lite_for_ARM_EABI/bin/../lib/gcc/arm-none-eabi/4.7.3/../../../../arm-none-eabi/lib/thumb2/libc.a(lib_a-vfprintf.o)
 .debug_frame   0x000010c8       0x2c /home/dragon/CodeSourcery/Sourcery_CodeBench_Lite_for_ARM_EABI/bin/../lib/gcc/arm-none-eabi/4.7.3/../../../../arm-none-eabi/lib/thumb2/libc.a(lib_a-wsetup.o)
 .debug_frame   0x000010f4       0x64 /home/dragon/CodeSourcery/Sourcery_CodeBench_Lite_for_ARM_EABI/bin/../lib/gcc/arm-none-eabi/4.7.3/../../../../arm-none-eabi/lib/thumb2/libc.a(lib_a-dtoa.o)
 .debug_frame   0x00001158       0x40 /home/dragon/CodeSourcery/Sourcery_CodeBench_Lite_for_ARM_EABI/bin/../lib/gcc/arm-none-eabi/4.7.3/../../../../arm-none-eabi/lib/thumb2/libc.a(lib_a-fflush.o)
 .debug_frame   0x00001198      0x11c /home/dragon/CodeSourcery/Sourcery_CodeBench_Lite_for_ARM_EABI/bin/../lib/gcc/arm-none-eabi/4.7.3/../../../../arm-none-eabi/lib/thumb2/libc.a(lib_a-findfp.o)
 .debug_frame   0x000012b4       0x50 /home/dragon/CodeSourcery/Sourcery_CodeBench_Lite_for_ARM_EABI/bin/../lib/gcc/arm-none-eabi/4.7.3/../../../../arm-none-eabi/lib/thumb2/libc.a(lib_a-freer.o)
 .debug_frame   0x00001304       0x54 /home/dragon/CodeSourcery/Sourcery_CodeBench_Lite_for_ARM_EABI/bin/../lib/gcc/arm-none-eabi/4.7.3/../../../../arm-none-eabi/lib/thumb2/libc.a(lib_a-fwalk.o)
 .debug_frame   0x00001358       0x98 /home/dragon/CodeSourcery/Sourcery_CodeBench_Lite_for_ARM_EABI/bin/../lib/gcc/arm-none-eabi/4.7.3/../../../../arm-none-eabi/lib/thumb2/libc.a(lib_a-locale.o)
 .debug_frame   0x000013f0       0x30 /home/dragon/CodeSourcery/Sourcery_CodeBench_Lite_for_ARM_EABI/bin/../lib/gcc/arm-none-eabi/4.7.3/../../../../arm-none-eabi/lib/thumb2/libc.a(lib_a-makebuf.o)
 .debug_frame   0x00001420       0x30 /home/dragon/CodeSourcery/Sourcery_CodeBench_Lite_for_ARM_EABI/bin/../lib/gcc/arm-none-eabi/4.7.3/../../../../arm-none-eabi/lib/thumb2/libc.a(lib_a-malloc.o)
 .debug_frame   0x00001450       0x38 /home/dragon/CodeSourcery/Sourcery_CodeBench_Lite_for_ARM_EABI/bin/../lib/gcc/arm-none-eabi/4.7.3/../../../../arm-none-eabi/lib/thumb2/libc.a(lib_a-mallocr.o)
 .debug_frame   0x00001488       0x2c /home/dragon/CodeSourcery/Sourcery_CodeBench_Lite_for_ARM_EABI/bin/../lib/gcc/arm-none-eabi/4.7.3/../../../../arm-none-eabi/lib/thumb2/libc.a(lib_a-memchr.o)
 .debug_frame   0x000014b4       0x34 /home/dragon/CodeSourcery/Sourcery_CodeBench_Lite_for_ARM_EABI/bin/../lib/gcc/arm-none-eabi/4.7.3/../../../../arm-none-eabi/lib/thumb2/libc.a(lib_a-memcpy.o)
 .debug_frame   0x000014e8       0x2c /home/dragon/CodeSourcery/Sourcery_CodeBench_Lite_for_ARM_EABI/bin/../lib/gcc/arm-none-eabi/4.7.3/../../../../arm-none-eabi/lib/thumb2/libc.a(lib_a-memset.o)
 .debug_frame   0x00001514       0x30 /home/dragon/CodeSourcery/Sourcery_CodeBench_Lite_for_ARM_EABI/bin/../lib/gcc/arm-none-eabi/4.7.3/../../../../arm-none-eabi/lib/thumb2/libc.a(lib_a-mlock.o)
 .debug_frame   0x00001544      0x244 /home/dragon/CodeSourcery/Sourcery_CodeBench_Lite_for_ARM_EABI/bin/../lib/gcc/arm-none-eabi/4.7.3/../../../../arm-none-eabi/lib/thumb2/libc.a(lib_a-mprec.o)
 .debug_frame   0x00001788       0x20 /home/dragon/CodeSourcery/Sourcery_CodeBench_Lite_for_ARM_EABI/bin/../lib/gcc/arm-none-eabi/4.7.3/../../../../arm-none-eabi/lib/thumb2/libc.a(lib_a-s_fpclassify.o)
 .debug_frame   0x000017a8       0x2c /home/dragon/CodeSourcery/Sourcery_CodeBench_Lite_for_ARM_EABI/bin/../lib/gcc/arm-none-eabi/4.7.3/../../../../arm-none-eabi/lib/thumb2/libc.a(lib_a-sbrkr.o)
 .debug_frame   0x000017d4       0x80 /home/dragon/CodeSourcery/Sourcery_CodeBench_Lite_for_ARM_EABI/bin/../lib/gcc/arm-none-eabi/4.7.3/../../../../arm-none-eabi/lib/thumb2/libc.a(lib_a-stdio.o)
 .debug_frame   0x00001854       0x30 /home/dragon/CodeSourcery/Sourcery_CodeBench_Lite_for_ARM_EABI/bin/../lib/gcc/arm-none-eabi/4.7.3/../../../../arm-none-eabi/lib/thumb2/libc.a(lib_a-strcmp.o)
 .debug_frame   0x00001884       0x20 /home/dragon/CodeSourcery/Sourcery_CodeBench_Lite_for_ARM_EABI/bin/../lib/gcc/arm-none-eabi/4.7.3/../../../../arm-none-eabi/lib/thumb2/libc.a(lib_a-strlen.o)
 .debug_frame   0x000018a4       0x78 /home/dragon/CodeSourcery/Sourcery_CodeBench_Lite_for_ARM_EABI/bin/../lib/gcc/arm-none-eabi/4.7.3/../../../../arm-none-eabi/lib/thumb2/libc.a(lib_a-vfiprintf.o)
 .debug_frame   0x0000191c       0x2c /home/dragon/CodeSourcery/Sourcery_CodeBench_Lite_for_ARM_EABI/bin/../lib/gcc/arm-none-eabi/4.7.3/../../../../arm-none-eabi/lib/thumb2/libc.a(lib_a-writer.o)
 .debug_frame   0x00001948       0x28 /home/dragon/CodeSourcery/Sourcery_CodeBench_Lite_for_ARM_EABI/bin/../lib/gcc/arm-none-eabi/4.7.3/../../../../arm-none-eabi/lib/thumb2/libc.a(lib_a-callocr.o)
 .debug_frame   0x00001970       0x2c /home/dragon/CodeSourcery/Sourcery_CodeBench_Lite_for_ARM_EABI/bin/../lib/gcc/arm-none-eabi/4.7.3/../../../../arm-none-eabi/lib/thumb2/libc.a(lib_a-closer.o)
 .debug_frame   0x0000199c       0x3c /home/dragon/CodeSourcery/Sourcery_CodeBench_Lite_for_ARM_EABI/bin/../lib/gcc/arm-none-eabi/4.7.3/../../../../arm-none-eabi/lib/thumb2/libc.a(lib_a-fclose.o)
 .debug_frame   0x000019d8       0x50 /home/dragon/CodeSourcery/Sourcery_CodeBench_Lite_for_ARM_EABI/bin/../lib/gcc/arm-none-eabi/4.7.3/../../../../arm-none-eabi/lib/thumb2/libc.a(lib_a-fputwc.o)
 .debug_frame   0x00001a28       0x2c /home/dragon/CodeSourcery/Sourcery_CodeBench_Lite_for_ARM_EABI/bin/../lib/gcc/arm-none-eabi/4.7.3/../../../../arm-none-eabi/lib/thumb2/libc.a(lib_a-fstatr.o)
 .debug_frame   0x00001a54       0x38 /home/dragon/CodeSourcery/Sourcery_CodeBench_Lite_for_ARM_EABI/bin/../lib/gcc/arm-none-eabi/4.7.3/../../../../arm-none-eabi/lib/thumb2/libc.a(lib_a-fvwrite.o)
 .debug_frame   0x00001a8c       0x2c /home/dragon/CodeSourcery/Sourcery_CodeBench_Lite_for_ARM_EABI/bin/../lib/gcc/arm-none-eabi/4.7.3/../../../../arm-none-eabi/lib/thumb2/libc.a(lib_a-isattyr.o)
 .debug_frame   0x00001ab8       0x2c /home/dragon/CodeSourcery/Sourcery_CodeBench_Lite_for_ARM_EABI/bin/../lib/gcc/arm-none-eabi/4.7.3/../../../../arm-none-eabi/lib/thumb2/libc.a(lib_a-lseekr.o)
 .debug_frame   0x00001ae4       0x2c /home/dragon/CodeSourcery/Sourcery_CodeBench_Lite_for_ARM_EABI/bin/../lib/gcc/arm-none-eabi/4.7.3/../../../../arm-none-eabi/lib/thumb2/libc.a(lib_a-memmove.o)
 .debug_frame   0x00001b10       0x2c /home/dragon/CodeSourcery/Sourcery_CodeBench_Lite_for_ARM_EABI/bin/../lib/gcc/arm-none-eabi/4.7.3/../../../../arm-none-eabi/lib/thumb2/libc.a(lib_a-readr.o)
 .debug_frame   0x00001b3c       0x38 /home/dragon/CodeSourcery/Sourcery_CodeBench_Lite_for_ARM_EABI/bin/../lib/gcc/arm-none-eabi/4.7.3/../../../../arm-none-eabi/lib/thumb2/libc.a(lib_a-reallocr.o)
 .debug_frame   0x00001b74       0x3c /home/dragon/CodeSourcery/Sourcery_CodeBench_Lite_for_ARM_EABI/bin/../lib/gcc/arm-none-eabi/4.7.3/../../../../arm-none-eabi/lib/thumb2/libc.a(lib_a-wbuf.o)
 .debug_frame   0x00001bb0       0x58 /home/dragon/CodeSourcery/Sourcery_CodeBench_Lite_for_ARM_EABI/bin/../lib/gcc/arm-none-eabi/4.7.3/../../../../arm-none-eabi/lib/thumb2/libc.a(lib_a-wcrtomb.o)
 .debug_frame   0x00001c08       0x44 /home/dragon/CodeSourcery/Sourcery_CodeBench_Lite_for_ARM_EABI/bin/../lib/gcc/arm-none-eabi/4.7.3/../../../../arm-none-eabi/lib/thumb2/libc.a(lib_a-wctomb_r.o)
 .debug_frame   0x00001c4c       0x20 /home/dragon/CodeSourcery/Sourcery_CodeBench_Lite_for_ARM_EABI/bin/../lib/gcc/arm-none-eabi/4.7.3/thumb2/libgcc.a(_udivsi3.o)
 .debug_frame   0x00001c6c       0x28 /home/dragon/CodeSourcery/Sourcery_CodeBench_Lite_for_ARM_EABI/bin/../lib/gcc/arm-none-eabi/4.7.3/thumb2/libgcc.a(_aeabi_uldivmod.o)
 .debug_frame   0x00001c94       0x54 /home/dragon/CodeSourcery/Sourcery_CodeBench_Lite_for_ARM_EABI/bin/../lib/gcc/arm-none-eabi/4.7.3/thumb2/libgcc.a(bpabi.o)
 .debug_frame   0x00001ce8       0x38 /home/dragon/CodeSourcery/Sourcery_CodeBench_Lite_for_ARM_EABI/bin/../lib/gcc/arm-none-eabi/4.7.3/thumb2/libgcc.a(_divdi3.o)
 .debug_frame   0x00001d20       0x38 /home/dragon/CodeSourcery/Sourcery_CodeBench_Lite_for_ARM_EABI/bin/../lib/gcc/arm-none-eabi/4.7.3/thumb2/libgcc.a(_udivdi3.o)
