Archive member included because of file (symbol)

/home/dragon/CodeSourcery/Sourcery_CodeBench_Lite_for_ARM_EABI/bin/../lib/gcc/arm-none-eabi/4.7.3/../../../../arm-none-eabi/lib/thumb2/libc.a(lib_a-init.o)
                              ./STM32F10x_StdPeriph_Lib_V3.5.0/Libraries/CMSIS/CM3/DeviceSupport/ST/STM32F10x/startup/TrueSTUDIO/startup_stm32f10x_md.o (__libc_init_array)
/home/dragon/CodeSourcery/Sourcery_CodeBench_Lite_for_ARM_EABI/bin/../lib/gcc/arm-none-eabi/4.7.3/../../../../arm-none-eabi/lib/thumb2/libc.a(lib_a-reent.o)
                              ./STM32F10x_StdPeriph_Lib_V3.5.0/newlibSerialNeedToUse.o (errno)
/home/dragon/CodeSourcery/Sourcery_CodeBench_Lite_for_ARM_EABI/bin/../lib/gcc/arm-none-eabi/4.7.3/../../../../arm-none-eabi/lib/thumb2/libc.a(lib_a-freer.o)
                              /home/dragon/CodeSourcery/Sourcery_CodeBench_Lite_for_ARM_EABI/bin/../lib/gcc/arm-none-eabi/4.7.3/../../../../arm-none-eabi/lib/thumb2/libc.a(lib_a-reent.o) (_free_r)
/home/dragon/CodeSourcery/Sourcery_CodeBench_Lite_for_ARM_EABI/bin/../lib/gcc/arm-none-eabi/4.7.3/../../../../arm-none-eabi/lib/thumb2/libc.a(lib_a-impure.o)
                              /home/dragon/CodeSourcery/Sourcery_CodeBench_Lite_for_ARM_EABI/bin/../lib/gcc/arm-none-eabi/4.7.3/../../../../arm-none-eabi/lib/thumb2/libc.a(lib_a-reent.o) (_impure_ptr)
/home/dragon/CodeSourcery/Sourcery_CodeBench_Lite_for_ARM_EABI/bin/../lib/gcc/arm-none-eabi/4.7.3/../../../../arm-none-eabi/lib/thumb2/libc.a(lib_a-mallocr.o)
                              /home/dragon/CodeSourcery/Sourcery_CodeBench_Lite_for_ARM_EABI/bin/../lib/gcc/arm-none-eabi/4.7.3/../../../../arm-none-eabi/lib/thumb2/libc.a(lib_a-freer.o) (__malloc_current_mallinfo)
/home/dragon/CodeSourcery/Sourcery_CodeBench_Lite_for_ARM_EABI/bin/../lib/gcc/arm-none-eabi/4.7.3/../../../../arm-none-eabi/lib/thumb2/libc.a(lib_a-mlock.o)
                              /home/dragon/CodeSourcery/Sourcery_CodeBench_Lite_for_ARM_EABI/bin/../lib/gcc/arm-none-eabi/4.7.3/../../../../arm-none-eabi/lib/thumb2/libc.a(lib_a-freer.o) (__malloc_lock)
/home/dragon/CodeSourcery/Sourcery_CodeBench_Lite_for_ARM_EABI/bin/../lib/gcc/arm-none-eabi/4.7.3/../../../../arm-none-eabi/lib/thumb2/libc.a(lib_a-sbrkr.o)
                              /home/dragon/CodeSourcery/Sourcery_CodeBench_Lite_for_ARM_EABI/bin/../lib/gcc/arm-none-eabi/4.7.3/../../../../arm-none-eabi/lib/thumb2/libc.a(lib_a-freer.o) (_sbrk_r)

Allocating common symbols
Common symbol       size              file

errno               0x4               /home/dragon/CodeSourcery/Sourcery_CodeBench_Lite_for_ARM_EABI/bin/../lib/gcc/arm-none-eabi/4.7.3/../../../../arm-none-eabi/lib/thumb2/libc.a(lib_a-reent.o)
GPIO_InitStructure  0x4               ./src/main.o

Discarded input sections

 .text          0x00000000        0x0 /home/dragon/CodeSourcery/Sourcery_CodeBench_Lite_for_ARM_EABI/bin/../lib/gcc/arm-none-eabi/4.7.3/thumb2/crti.o
 .data          0x00000000        0x0 /home/dragon/CodeSourcery/Sourcery_CodeBench_Lite_for_ARM_EABI/bin/../lib/gcc/arm-none-eabi/4.7.3/thumb2/crti.o
 .bss           0x00000000        0x0 /home/dragon/CodeSourcery/Sourcery_CodeBench_Lite_for_ARM_EABI/bin/../lib/gcc/arm-none-eabi/4.7.3/thumb2/crti.o
 .data          0x00000000        0x4 /home/dragon/CodeSourcery/Sourcery_CodeBench_Lite_for_ARM_EABI/bin/../lib/gcc/arm-none-eabi/4.7.3/thumb2/crtbegin.o
 .text          0x00000000        0x0 ./src/main.o
 .data          0x00000000        0x0 ./src/main.o
 .bss           0x00000000        0x0 ./src/main.o
 .text          0x00000000        0x0 ./src/stm32f10x_it.o
 .data          0x00000000        0x0 ./src/stm32f10x_it.o
 .bss           0x00000000        0x0 ./src/stm32f10x_it.o
 .text          0x00000000        0x0 ./src/system_stm32f10x.o
 .data          0x00000000        0x0 ./src/system_stm32f10x.o
 .bss           0x00000000        0x0 ./src/system_stm32f10x.o
 .text.SystemCoreClockUpdate
                0x00000000       0x64 ./src/system_stm32f10x.o
 .data.AHBPrescTable
                0x00000000       0x10 ./src/system_stm32f10x.o
 .data.SystemCoreClock
                0x00000000        0x4 ./src/system_stm32f10x.o
 .text          0x00000000        0x0 ./STM32F10x_StdPeriph_Lib_V3.5.0/Libraries/STM32F10x_StdPeriph_Driver/src/misc.o
 .data          0x00000000        0x0 ./STM32F10x_StdPeriph_Lib_V3.5.0/Libraries/STM32F10x_StdPeriph_Driver/src/misc.o
 .bss           0x00000000        0x0 ./STM32F10x_StdPeriph_Lib_V3.5.0/Libraries/STM32F10x_StdPeriph_Driver/src/misc.o
 .text.NVIC_PriorityGroupConfig
                0x00000000       0x14 ./STM32F10x_StdPeriph_Lib_V3.5.0/Libraries/STM32F10x_StdPeriph_Driver/src/misc.o
 .text.NVIC_Init
                0x00000000       0x68 ./STM32F10x_StdPeriph_Lib_V3.5.0/Libraries/STM32F10x_StdPeriph_Driver/src/misc.o
 .text.NVIC_SetVectorTable
                0x00000000       0x14 ./STM32F10x_StdPeriph_Lib_V3.5.0/Libraries/STM32F10x_StdPeriph_Driver/src/misc.o
 .text.NVIC_SystemLPConfig
[...]
Memory Configuration

Name             Origin             Length             Attributes
FLASH            0x08000000         0x00010000         xr
RAM              0x20000000         0x00005000         xrw
MEMORY_B1        0x60000000         0x00000000         xr
*default*        0x00000000         0xffffffff

Linker script and memory map

LOAD /home/dragon/CodeSourcery/Sourcery_CodeBench_Lite_for_ARM_EABI/bin/../lib/gcc/arm-none-eabi/4.7.3/thumb2/crti.o
LOAD /home/dragon/CodeSourcery/Sourcery_CodeBench_Lite_for_ARM_EABI/bin/../lib/gcc/arm-none-eabi/4.7.3/thumb2/crtbegin.o
LOAD ./src/main.o
LOAD ./src/stm32f10x_it.o
LOAD ./src/system_stm32f10x.o
LOAD ./STM32F10x_StdPeriph_Lib_V3.5.0/Libraries/STM32F10x_StdPeriph_Driver/src/misc.o
LOAD ./STM32F10x_StdPeriph_Lib_V3.5.0/Libraries/STM32F10x_StdPeriph_Driver/src/stm32f10x_adc.o
LOAD ./STM32F10x_StdPeriph_Lib_V3.5.0/Libraries/STM32F10x_StdPeriph_Driver/src/stm32f10x_bkp.o
LOAD ./STM32F10x_StdPeriph_Lib_V3.5.0/Libraries/STM32F10x_StdPeriph_Driver/src/stm32f10x_can.o
LOAD ./STM32F10x_StdPeriph_Lib_V3.5.0/Libraries/STM32F10x_StdPeriph_Driver/src/stm32f10x_cec.o
LOAD ./STM32F10x_StdPeriph_Lib_V3.5.0/Libraries/STM32F10x_StdPeriph_Driver/src/stm32f10x_crc.o
LOAD ./STM32F10x_StdPeriph_Lib_V3.5.0/Libraries/STM32F10x_StdPeriph_Driver/src/stm32f10x_dac.o
LOAD ./STM32F10x_StdPeriph_Lib_V3.5.0/Libraries/STM32F10x_StdPeriph_Driver/src/stm32f10x_dbgmcu.o
LOAD ./STM32F10x_StdPeriph_Lib_V3.5.0/Libraries/STM32F10x_StdPeriph_Driver/src/stm32f10x_dma.o
LOAD ./STM32F10x_StdPeriph_Lib_V3.5.0/Libraries/STM32F10x_StdPeriph_Driver/src/stm32f10x_exti.o
LOAD ./STM32F10x_StdPeriph_Lib_V3.5.0/Libraries/STM32F10x_StdPeriph_Driver/src/stm32f10x_flash.o
LOAD ./STM32F10x_StdPeriph_Lib_V3.5.0/Libraries/STM32F10x_StdPeriph_Driver/src/stm32f10x_fsmc.o
LOAD ./STM32F10x_StdPeriph_Lib_V3.5.0/Libraries/STM32F10x_StdPeriph_Driver/src/stm32f10x_gpio.o
LOAD ./STM32F10x_StdPeriph_Lib_V3.5.0/Libraries/STM32F10x_StdPeriph_Driver/src/stm32f10x_i2c.o
LOAD ./STM32F10x_StdPeriph_Lib_V3.5.0/Libraries/STM32F10x_StdPeriph_Driver/src/stm32f10x_iwdg.o
LOAD ./STM32F10x_StdPeriph_Lib_V3.5.0/Libraries/STM32F10x_StdPeriph_Driver/src/stm32f10x_pwr.o
LOAD ./STM32F10x_StdPeriph_Lib_V3.5.0/Libraries/STM32F10x_StdPeriph_Driver/src/stm32f10x_rcc.o
LOAD ./STM32F10x_StdPeriph_Lib_V3.5.0/Libraries/STM32F10x_StdPeriph_Driver/src/stm32f10x_rtc.o
LOAD ./STM32F10x_StdPeriph_Lib_V3.5.0/Libraries/STM32F10x_StdPeriph_Driver/src/stm32f10x_sdio.o
LOAD ./STM32F10x_StdPeriph_Lib_V3.5.0/Libraries/STM32F10x_StdPeriph_Driver/src/stm32f10x_spi.o
LOAD ./STM32F10x_StdPeriph_Lib_V3.5.0/Libraries/STM32F10x_StdPeriph_Driver/src/stm32f10x_tim.o
LOAD ./STM32F10x_StdPeriph_Lib_V3.5.0/Libraries/STM32F10x_StdPeriph_Driver/src/stm32f10x_usart.o
LOAD ./STM32F10x_StdPeriph_Lib_V3.5.0/Libraries/STM32F10x_StdPeriph_Driver/src/stm32f10x_wwdg.o
LOAD ./STM32F10x_StdPeriph_Lib_V3.5.0/Libraries/CMSIS/CM3/DeviceSupport/ST/STM32F10x/startup/TrueSTUDIO/startup_stm32f10x_md.o
LOAD ./STM32F10x_StdPeriph_Lib_V3.5.0/Libraries/CMSIS/CM3/CoreSupport/core_cm3.o
LOAD ./STM32F10x_StdPeriph_Lib_V3.5.0/newlibSerialNeedToUse.o
START GROUP
LOAD /home/dragon/CodeSourcery/Sourcery_CodeBench_Lite_for_ARM_EABI/bin/../lib/gcc/arm-none-eabi/4.7.3/thumb2/libgcc.a
LOAD /home/dragon/CodeSourcery/Sourcery_CodeBench_Lite_for_ARM_EABI/bin/../lib/gcc/arm-none-eabi/4.7.3/../../../../arm-none-eabi/lib/thumb2/libc.a
END GROUP
LOAD /home/dragon/CodeSourcery/Sourcery_CodeBench_Lite_for_ARM_EABI/bin/../lib/gcc/arm-none-eabi/4.7.3/thumb2/crtend.o
LOAD /home/dragon/CodeSourcery/Sourcery_CodeBench_Lite_for_ARM_EABI/bin/../lib/gcc/arm-none-eabi/4.7.3/thumb2/crtn.o
                0x20005000                _estack = 0x20005000
                0x00000000                _Min_Heap_Size = 0x0
                0x00000100                _Min_Stack_Size = 0x100

.isr_vector     0x08000000      0x10c
                0x08000000                . = ALIGN (0x4)
 *(.isr_vector)
 .isr_vector    0x08000000      0x10c ./STM32F10x_StdPeriph_Lib_V3.5.0/Libraries/CMSIS/CM3/DeviceSupport/ST/STM32F10x/startup/TrueSTUDIO/startup_stm32f10x_md.o
                0x08000000                g_pfnVectors
                0x0800010c                . = ALIGN (0x4)

.text           0x0800010c      0x440
                0x0800010c                . = ALIGN (0x4)
 *(.text)
 .text          0x0800010c       0xc8 /home/dragon/CodeSourcery/Sourcery_CodeBench_Lite_for_ARM_EABI/bin/../lib/gcc/arm-none-eabi/4.7.3/thumb2/crtbegin.o
 .text          0x080001d4       0x58 /home/dragon/CodeSourcery/Sourcery_CodeBench_Lite_for_ARM_EABI/bin/../lib/gcc/arm-none-eabi/4.7.3/../../../../arm-none-eabi/lib/thumb2/libc.a(lib_a-init.o)
                0x080001d4                __libc_init_array
 *(.text*)
 .text.delay    0x0800022c       0x12 ./src/main.o
                0x0800022c                delay
 *fill*         0x0800023e        0x2 
 .text.startup.main
                0x08000240       0xc8 ./src/main.o
                0x08000240                main
 .text.NMI_Handler
                0x08000308        0x2 ./src/stm32f10x_it.o
                0x08000308                NMI_Handler
 .text.HardFault_Handler
                0x0800030a        0x2 ./src/stm32f10x_it.o
                0x0800030a                HardFault_Handler
 .text.MemManage_Handler
                0x0800030c        0x2 ./src/stm32f10x_it.o
                0x0800030c                MemManage_Handler
 .text.BusFault_Handler
                0x0800030e        0x2 ./src/stm32f10x_it.o
                0x0800030e                BusFault_Handler
 .text.UsageFault_Handler
                0x08000310        0x2 ./src/stm32f10x_it.o
                0x08000310                UsageFault_Handler
 .text.SVC_Handler
                0x08000312        0x2 ./src/stm32f10x_it.o
                0x08000312                SVC_Handler
 .text.DebugMon_Handler
                0x08000314        0x2 ./src/stm32f10x_it.o
                0x08000314                DebugMon_Handler
 .text.PendSV_Handler
                0x08000316        0x2 ./src/stm32f10x_it.o
                0x08000316                PendSV_Handler
 .text.SysTick_Handler
                0x08000318        0x2 ./src/stm32f10x_it.o
                0x08000318                SysTick_Handler
 *fill*         0x0800031a        0x2 
 .text.SystemInit
                0x0800031c       0xfc ./src/system_stm32f10x.o
                0x0800031c                SystemInit
 .text.GPIO_Init
                0x08000418       0xa8 ./STM32F10x_StdPeriph_Lib_V3.5.0/Libraries/STM32F10x_StdPeriph_Driver/src/stm32f10x_gpio.o
                0x08000418                GPIO_Init
 .text.GPIO_SetBits
                0x080004c0        0x4 ./STM32F10x_StdPeriph_Lib_V3.5.0/Libraries/STM32F10x_StdPeriph_Driver/src/stm32f10x_gpio.o
                0x080004c0                GPIO_SetBits
 .text.GPIO_ResetBits
                0x080004c4        0x4 ./STM32F10x_StdPeriph_Lib_V3.5.0/Libraries/STM32F10x_StdPeriph_Driver/src/stm32f10x_gpio.o
                0x080004c4                GPIO_ResetBits
 .text.RCC_APB2PeriphClockCmd
                0x080004c8       0x18 ./STM32F10x_StdPeriph_Lib_V3.5.0/Libraries/STM32F10x_StdPeriph_Driver/src/stm32f10x_rcc.o
                0x080004c8                RCC_APB2PeriphClockCmd
 .text.Reset_Handler
                0x080004e0       0x50 ./STM32F10x_StdPeriph_Lib_V3.5.0/Libraries/CMSIS/CM3/DeviceSupport/ST/STM32F10x/startup/TrueSTUDIO/startup_stm32f10x_md.o
                0x080004e0                Reset_Handler
 .text.Default_Handler
                0x08000530        0x4 ./STM32F10x_StdPeriph_Lib_V3.5.0/Libraries/CMSIS/CM3/DeviceSupport/ST/STM32F10x/startup/TrueSTUDIO/startup_stm32f10x_md.o
                0x08000530                EXTI2_IRQHandler
                0x08000530                TIM1_CC_IRQHandler
                0x08000530                PVD_IRQHandler
                0x08000530                EXTI3_IRQHandler
                0x08000530                EXTI0_IRQHandler
                0x08000530                I2C2_EV_IRQHandler
                0x08000530                ADC1_2_IRQHandler
                0x08000530                SPI1_IRQHandler
                0x08000530                TAMPER_IRQHandler
                0x08000530                DMA1_Channel4_IRQHandler
                0x08000530                USART3_IRQHandler
                0x08000530                RTC_IRQHandler
                0x08000530                DMA1_Channel7_IRQHandler
                0x08000530                CAN1_RX1_IRQHandler
                0x08000530                TIM4_IRQHandler
                0x08000530                I2C1_EV_IRQHandler
                0x08000530                DMA1_Channel6_IRQHandler
                0x08000530                TIM3_IRQHandler
                0x08000530                RCC_IRQHandler
                0x08000530                TIM1_TRG_COM_IRQHandler
                0x08000530                DMA1_Channel1_IRQHandler
                0x08000530                Default_Handler
                0x08000530                EXTI15_10_IRQHandler
                0x08000530                EXTI9_5_IRQHandler
                0x08000530                SPI2_IRQHandler
                0x08000530                DMA1_Channel5_IRQHandler
                0x08000530                EXTI4_IRQHandler
                0x08000530                USB_LP_CAN1_RX0_IRQHandler
                0x08000530                USB_HP_CAN1_TX_IRQHandler
                0x08000530                DMA1_Channel3_IRQHandler
                0x08000530                TIM1_UP_IRQHandler
                0x08000530                WWDG_IRQHandler
                0x08000530                TIM2_IRQHandler
                0x08000530                TIM1_BRK_IRQHandler
                0x08000530                EXTI1_IRQHandler
                0x08000530                RTCAlarm_IRQHandler
                0x08000530                USART2_IRQHandler
                0x08000530                I2C2_ER_IRQHandler
                0x08000530                DMA1_Channel2_IRQHandler
                0x08000530                CAN1_SCE_IRQHandler
                0x08000530                FLASH_IRQHandler
                0x08000530                USART1_IRQHandler
                0x08000530                I2C1_ER_IRQHandler
                0x08000530                USBWakeUp_IRQHandler
 *(.rodata)
 *(.rodata*)
 *(.glue_7)
 .glue_7        0x00000000        0x0 linker stubs
 *(.glue_7t)
 .glue_7t       0x00000000        0x0 linker stubs
 *(.eh_frame)
 .eh_frame      0x08000534        0x0 /home/dragon/CodeSourcery/Sourcery_CodeBench_Lite_for_ARM_EABI/bin/../lib/gcc/arm-none-eabi/4.7.3/thumb2/crtbegin.o
 *(.init)
 .init          0x08000534        0x4 /home/dragon/CodeSourcery/Sourcery_CodeBench_Lite_for_ARM_EABI/bin/../lib/gcc/arm-none-eabi/4.7.3/thumb2/crti.o
                0x08000534                _init
 .init          0x08000538        0x8 /home/dragon/CodeSourcery/Sourcery_CodeBench_Lite_for_ARM_EABI/bin/../lib/gcc/arm-none-eabi/4.7.3/thumb2/crtn.o
 *(.fini)
 .fini          0x08000540        0x4 /home/dragon/CodeSourcery/Sourcery_CodeBench_Lite_for_ARM_EABI/bin/../lib/gcc/arm-none-eabi/4.7.3/thumb2/crti.o
                0x08000540                _fini
 .fini          0x08000544        0x8 /home/dragon/CodeSourcery/Sourcery_CodeBench_Lite_for_ARM_EABI/bin/../lib/gcc/arm-none-eabi/4.7.3/thumb2/crtn.o
                0x0800054c                . = ALIGN (0x4)
                0x0800054c                _etext = .

.vfp11_veneer   0x0800054c        0x0
 .vfp11_veneer  0x00000000        0x0 linker stubs

.v4_bx          0x0800054c        0x0
 .v4_bx         0x00000000        0x0 linker stubs

.iplt           0x0800054c        0x0
 .iplt          0x00000000        0x0 /home/dragon/CodeSourcery/Sourcery_CodeBench_Lite_for_ARM_EABI/bin/../lib/gcc/arm-none-eabi/4.7.3/thumb2/crtbegin.o

.rel.dyn        0x0800054c        0x0
 .rel.iplt      0x00000000        0x0 /home/dragon/CodeSourcery/Sourcery_CodeBench_Lite_for_ARM_EABI/bin/../lib/gcc/arm-none-eabi/4.7.3/thumb2/crtbegin.o

.ARM.extab
 *(.ARM.extab* .gnu.linkonce.armextab.*)

.ARM            0x0800054c        0x0
                0x0800054c                __exidx_start = .
 *(.ARM.exidx*)
                0x0800054c                __exidx_end = .

.preinit_array  0x0800054c        0x0
                0x0800054c                PROVIDE (__preinit_array_start, .)
 *(.preinit_array*)
                0x0800054c                PROVIDE (__preinit_array_end, .)

.init_array     0x0800054c        0x4
                0x0800054c                PROVIDE (__init_array_start, .)
 *(SORT(.init_array.*))
 *(.init_array*)
 .init_array    0x0800054c        0x4 /home/dragon/CodeSourcery/Sourcery_CodeBench_Lite_for_ARM_EABI/bin/../lib/gcc/arm-none-eabi/4.7.3/thumb2/crtbegin.o
                0x08000550                PROVIDE (__init_array_end, .)

.fini_array     0x08000550        0x4
                0x08000550                PROVIDE (__fini_array_start, .)
 *(.fini_array*)
 .fini_array    0x08000550        0x4 /home/dragon/CodeSourcery/Sourcery_CodeBench_Lite_for_ARM_EABI/bin/../lib/gcc/arm-none-eabi/4.7.3/thumb2/crtbegin.o
 *(SORT(.fini_array.*))
                0x08000554                PROVIDE (__fini_array_end, .)
                0x08000554                _sidata = .

.data           0x20000000        0x0 load address 0x08000554
                0x20000000                . = ALIGN (0x4)
                0x20000000                _sdata = .
 *(.data)
 *(.data*)
                0x20000000                . = ALIGN (0x4)
                0x20000000                _edata = .

.jcr            0x20000000        0x0
 .jcr           0x20000000        0x0 /home/dragon/CodeSourcery/Sourcery_CodeBench_Lite_for_ARM_EABI/bin/../lib/gcc/arm-none-eabi/4.7.3/thumb2/crtbegin.o

.tm_clone_table
                0x20000000        0x0
 .tm_clone_table
                0x20000000        0x0 /home/dragon/CodeSourcery/Sourcery_CodeBench_Lite_for_ARM_EABI/bin/../lib/gcc/arm-none-eabi/4.7.3/thumb2/crtbegin.o
 .tm_clone_table
                0x20000000        0x0 /home/dragon/CodeSourcery/Sourcery_CodeBench_Lite_for_ARM_EABI/bin/../lib/gcc/arm-none-eabi/4.7.3/thumb2/crtend.o

.igot.plt       0x20000000        0x0
 .igot.plt      0x00000000        0x0 /home/dragon/CodeSourcery/Sourcery_CodeBench_Lite_for_ARM_EABI/bin/../lib/gcc/arm-none-eabi/4.7.3/thumb2/crtbegin.o
                0x20000000                . = ALIGN (0x4)

.bss            0x20000000       0x20
                0x20000000                _sbss = .
                0x20000000                __bss_start__ = _sbss
 *(.bss)
 .bss           0x20000000       0x1c /home/dragon/CodeSourcery/Sourcery_CodeBench_Lite_for_ARM_EABI/bin/../lib/gcc/arm-none-eabi/4.7.3/thumb2/crtbegin.o
 *(.bss*)
 *(COMMON)
 COMMON         0x2000001c        0x4 ./src/main.o
                0x2000001c                GPIO_InitStructure
                0x20000020                . = ALIGN (0x4)
                0x20000020                _ebss = .
                0x20000020                __bss_end__ = _ebss

._user_heap_stack
                0x20000020      0x100
                0x20000020                . = ALIGN (0x4)
                0x20000020                PROVIDE (end, .)
                0x20000020                PROVIDE (_end, .)
                0x20000020                . = (. + _Min_Heap_Size)
                0x20000120                . = (. + _Min_Stack_Size)
 *fill*         0x20000020      0x100 
                0x20000120                . = ALIGN (0x4)

.memory_b1_text
 *(.mb1text)
 *(.mb1text*)
 *(.mb1rodata)
 *(.mb1rodata*)

/DISCARD/
 libc.a(*)
 libm.a(*)
 libgcc.a(*)

.ARM.attributes
                0x00000000       0x27
 *(.ARM.attributes)
 .ARM.attributes
                0x00000000       0x19 /home/dragon/CodeSourcery/Sourcery_CodeBench_Lite_for_ARM_EABI/bin/../lib/gcc/arm-none-eabi/4.7.3/thumb2/crti.o
 .ARM.attributes
                0x00000019       0x29 /home/dragon/CodeSourcery/Sourcery_CodeBench_Lite_for_ARM_EABI/bin/../lib/gcc/arm-none-eabi/4.7.3/thumb2/crtbegin.o
 .ARM.attributes
                0x00000042       0x33 ./src/main.o
 .ARM.attributes
                0x00000075       0x33 ./src/stm32f10x_it.o
 .ARM.attributes
                0x000000a8       0x33 ./src/system_stm32f10x.o
 .ARM.attributes
                0x000000db       0x33 ./STM32F10x_StdPeriph_Lib_V3.5.0/Libraries/STM32F10x_StdPeriph_Driver/src/stm32f10x_gpio.o
 .ARM.attributes
                0x0000010e       0x33 ./STM32F10x_StdPeriph_Lib_V3.5.0/Libraries/STM32F10x_StdPeriph_Driver/src/stm32f10x_rcc.o
 .ARM.attributes
                0x00000141       0x21 ./STM32F10x_StdPeriph_Lib_V3.5.0/Libraries/CMSIS/CM3/DeviceSupport/ST/STM32F10x/startup/TrueSTUDIO/startup_stm32f10x_md.o
 .ARM.attributes
                0x00000162       0x29 /home/dragon/CodeSourcery/Sourcery_CodeBench_Lite_for_ARM_EABI/bin/../lib/gcc/arm-none-eabi/4.7.3/../../../../arm-none-eabi/lib/thumb2/libc.a(lib_a-init.o)
 .ARM.attributes
                0x0000018b       0x29 /home/dragon/CodeSourcery/Sourcery_CodeBench_Lite_for_ARM_EABI/bin/../lib/gcc/arm-none-eabi/4.7.3/thumb2/crtend.o
 .ARM.attributes
                0x000001b4       0x19 /home/dragon/CodeSourcery/Sourcery_CodeBench_Lite_for_ARM_EABI/bin/../lib/gcc/arm-none-eabi/4.7.3/thumb2/crtn.o
OUTPUT(STM32F103C8T6_LibV3.5.elf elf32-littlearm)

.comment        0x00000000       0x30
 .comment       0x00000000       0x30 ./src/main.o
                                 0x31 (size before relaxing)
 .comment       0x00000000       0x31 ./src/stm32f10x_it.o
 .comment       0x00000000       0x31 ./src/system_stm32f10x.o
 .comment       0x00000000       0x31 ./STM32F10x_StdPeriph_Lib_V3.5.0/Libraries/STM32F10x_StdPeriph_Driver/src/stm32f10x_gpio.o
 .comment       0x00000000       0x31 ./STM32F10x_StdPeriph_Lib_V3.5.0/Libraries/STM32F10x_StdPeriph_Driver/src/stm32f10x_rcc.o

.debug_frame    0x00000000       0x2c
 .debug_frame   0x00000000       0x2c /home/dragon/CodeSourcery/Sourcery_CodeBench_Lite_for_ARM_EABI/bin/../lib/gcc/arm-none-eabi/4.7.3/../../../../arm-none-eabi/lib/thumb2/libc.a(lib_a-init.o)
